Component: ARM Compiler 5.06 update 4 (build 422) Tool: armlink [4d35d2]

==============================================================================

Section Cross References

    main.o(i.main) refers to task.o(i.preKernelInit) for preKernelInit
    main.o(i.main) refers to rt_cmsis.o(i.osKernelInitialize) for osKernelInitialize
    main.o(i.main) refers to task.o(i.thread_init) for thread_init
    main.o(i.main) refers to task.o(i.postKernelInit) for postKernelInit
    main.o(i.main) refers to rt_cmsis.o(i.osKernelStart) for osKernelStart
    main.o(i.thread_x) refers to rt_cmsis.o(i.osDelay) for osDelay
    main.o(i.thread_x) refers to main.o(.data) for i
    main.o(.constdata) refers to main.o(i.thread_x) for thread_x
    task.o(i.postKernelInit) refers to task.o(.data) for postkernelinit_run
    task.o(i.preKernelInit) refers to task.o(.data) for prekernelinit_run
    task.o(i.thread_1000x) refers to rt_cmsis.o(i.osDelay) for osDelay
    task.o(i.thread_1000x) refers to task.o(.data) for thread_1000x_count
    task.o(i.thread_100x) refers to rt_cmsis.o(i.osDelay) for osDelay
    task.o(i.thread_100x) refers to task.o(.data) for thread_100x_count
    task.o(i.thread_10x) refers to rt_cmsis.o(i.osDelay) for osDelay
    task.o(i.thread_10x) refers to task.o(.data) for thread_10x_count
    task.o(i.thread_200x) refers to rt_cmsis.o(i.osDelay) for osDelay
    task.o(i.thread_200x) refers to task.o(.data) for thread_200x_count
    task.o(i.thread_20x) refers to rt_cmsis.o(i.osDelay) for osDelay
    task.o(i.thread_20x) refers to task.o(.data) for thread_20x_count
    task.o(i.thread_500x) refers to rt_cmsis.o(i.osDelay) for osDelay
    task.o(i.thread_500x) refers to task.o(.data) for thread_500x_count
    task.o(i.thread_50x) refers to rt_cmsis.o(i.osDelay) for osDelay
    task.o(i.thread_50x) refers to task.o(.data) for thread_50x_count
    task.o(i.thread_bg) refers to task.o(.data) for thread_bg_count
    task.o(i.thread_init) refers to rt_cmsis.o(i.osThreadCreate) for osThreadCreate
    task.o(i.thread_init) refers to task.o(.constdata) for os_thread_def_thread_10x
    task.o(i.thread_init) refers to task.o(.data) for threadID_10x
    task.o(.constdata) refers to task.o(i.thread_10x) for thread_10x
    task.o(.constdata) refers to task.o(i.thread_20x) for thread_20x
    task.o(.constdata) refers to task.o(i.thread_50x) for thread_50x
    task.o(.constdata) refers to task.o(i.thread_100x) for thread_100x
    task.o(.constdata) refers to task.o(i.thread_200x) for thread_200x
    task.o(.constdata) refers to task.o(i.thread_500x) for thread_500x
    task.o(.constdata) refers to task.o(i.thread_1000x) for thread_1000x
    rtx_conf_cm.o(.emb_text) refers to rt_cmsis.o(i.osKernelInitialize) for osKernelInitialize
    rtx_conf_cm.o(.emb_text) refers to rt_cmsis.o(i.osThreadCreate) for osThreadCreate
    rtx_conf_cm.o(.emb_text) refers to rt_cmsis.o(i.osKernelStart) for osKernelStart
    rtx_conf_cm.o(.emb_text) refers to exit.o(.text) for exit
    rtx_conf_cm.o(.emb_text) refers to rtx_conf_cm.o(.constdata) for os_thread_def_main
    rtx_conf_cm.o(i.__user_perthread_libspace) refers to rt_task.o(i.rt_tsk_self) for rt_tsk_self
    rtx_conf_cm.o(i.__user_perthread_libspace) refers to rt_cmsis.o(.data) for os_running
    rtx_conf_cm.o(i.__user_perthread_libspace) refers to rtx_conf_cm.o(.bss) for .bss
    rtx_conf_cm.o(i.__user_perthread_libspace) refers to libspace.o(.bss) for __libspace_start
    rtx_conf_cm.o(i._mutex_acquire) refers to rt_cmsis.o(.data) for os_running
    rtx_conf_cm.o(i._mutex_acquire) refers to rt_mutex.o(i.rt_mut_wait) for rt_mut_wait
    rtx_conf_cm.o(i._mutex_initialize) refers to rt_mutex.o(i.rt_mut_init) for rt_mut_init
    rtx_conf_cm.o(i._mutex_initialize) refers to rtx_conf_cm.o(.data) for .data
    rtx_conf_cm.o(i._mutex_initialize) refers to rtx_conf_cm.o(.bss) for .bss
    rtx_conf_cm.o(i._mutex_release) refers to rt_cmsis.o(.data) for os_running
    rtx_conf_cm.o(i._mutex_release) refers to rt_mutex.o(i.rt_mut_release) for rt_mut_release
    rtx_conf_cm.o(i.os_idle_demon) refers to task.o(i.thread_bg) for thread_bg
    rtx_conf_cm.o(.constdata) refers to rt_cmsis.o(i.osTimerThread) for osTimerThread
    rtx_conf_cm.o(.constdata) refers to rtx_conf_cm.o(.bss) for os_messageQ_q_osTimerMessageQ
    rtx_conf_cm.o(.constdata) refers to main.o(i.main) for main
    startup_sam3xa.o(STACK) refers (Special) to heapauxi.o(.text) for __use_two_region_memory
    startup_sam3xa.o(HEAP) refers (Special) to heapauxi.o(.text) for __use_two_region_memory
    startup_sam3xa.o(RESET) refers (Special) to heapauxi.o(.text) for __use_two_region_memory
    startup_sam3xa.o(RESET) refers to startup_sam3xa.o(STACK) for __initial_sp
    startup_sam3xa.o(RESET) refers to startup_sam3xa.o(.text) for Reset_Handler
    startup_sam3xa.o(RESET) refers to hal_cm3.o(.emb_text) for SVC_Handler
    startup_sam3xa.o(.text) refers (Special) to heapauxi.o(.text) for __use_two_region_memory
[...]
    libinit.o(.ARM.Collect$$libinit$$00000000) refers (Special) to libinit2.o(.ARM.Collect$$libinit$$00000032) for __rt_lib_init_cpp_1
    libinit.o(.ARM.Collect$$libinit$$00000000) refers (Special) to libinit2.o(.ARM.Collect$$libinit$$00000030) for __rt_lib_init_exceptions_1
    libinit.o(.ARM.Collect$$libinit$$00000000) refers (Special) to libinit2.o(.ARM.Collect$$libinit$$00000002) for __rt_lib_init_fp_1
    libinit.o(.ARM.Collect$$libinit$$00000000) refers (Special) to libinit2.o(.ARM.Collect$$libinit$$0000001F) for __rt_lib_init_fp_trap_1
    libinit.o(.ARM.Collect$$libinit$$00000000) refers (Special) to libinit2.o(.ARM.Collect$$libinit$$00000023) for __rt_lib_init_getenv_1
    libinit.o(.ARM.Collect$$libinit$$00000000) refers (Special) to libinit2.o(.ARM.Collect$$libinit$$0000000A) for __rt_lib_init_heap_1
    libinit.o(.ARM.Collect$$libinit$$00000000) refers (Special) to libinit2.o(.ARM.Collect$$libinit$$00000011) for __rt_lib_init_lc_collate_1
    libinit.o(.ARM.Collect$$libinit$$00000000) refers (Special) to libinit2.o(.ARM.Collect$$libinit$$00000013) for __rt_lib_init_lc_ctype_1
    libinit.o(.ARM.Collect$$libinit$$00000000) refers (Special) to libinit2.o(.ARM.Collect$$libinit$$00000015) for __rt_lib_init_lc_monetary_1
    libinit.o(.ARM.Collect$$libinit$$00000000) refers (Special) to libinit2.o(.ARM.Collect$$libinit$$00000017) for __rt_lib_init_lc_numeric_1
    libinit.o(.ARM.Collect$$libinit$$00000000) refers (Special) to libinit2.o(.ARM.Collect$$libinit$$00000019) for __rt_lib_init_lc_time_1
    libinit.o(.ARM.Collect$$libinit$$00000000) refers (Special) to libinit2.o(.ARM.Collect$$libinit$$00000004) for __rt_lib_init_preinit_1
    libinit.o(.ARM.Collect$$libinit$$00000000) refers (Special) to libinit2.o(.ARM.Collect$$libinit$$0000000E) for __rt_lib_init_rand_1
    libinit.o(.ARM.Collect$$libinit$$00000000) refers (Special) to libinit2.o(.ARM.Collect$$libinit$$00000033) for __rt_lib_init_return
    libinit.o(.ARM.Collect$$libinit$$00000000) refers (Special) to libinit2.o(.ARM.Collect$$libinit$$0000001D) for __rt_lib_init_signal_1
    libinit.o(.ARM.Collect$$libinit$$00000000) refers (Special) to libinit2.o(.ARM.Collect$$libinit$$00000025) for __rt_lib_init_stdio_1
    libinit.o(.ARM.Collect$$libinit$$00000000) refers (Special) to libinit2.o(.ARM.Collect$$libinit$$0000000C) for __rt_lib_init_user_alloc_1
    libshutdown.o(.ARM.Collect$$libshutdown$$00000000) refers (Special) to libshutdown2.o(.ARM.Collect$$libshutdown$$00000002) for __rt_lib_shutdown_cpp_1
    libshutdown.o(.ARM.Collect$$libshutdown$$00000000) refers (Special) to libshutdown2.o(.ARM.Collect$$libshutdown$$00000007) for __rt_lib_shutdown_fp_trap_1
    libshutdown.o(.ARM.Collect$$libshutdown$$00000000) refers (Special) to libshutdown2.o(.ARM.Collect$$libshutdown$$0000000F) for __rt_lib_shutdown_heap_1
    libshutdown.o(.ARM.Collect$$libshutdown$$00000000) refers (Special) to libshutdown2.o(.ARM.Collect$$libshutdown$$00000010) for __rt_lib_shutdown_return
    libshutdown.o(.ARM.Collect$$libshutdown$$00000000) refers (Special) to libshutdown2.o(.ARM.Collect$$libshutdown$$0000000A) for __rt_lib_shutdown_signal_1
    libshutdown.o(.ARM.Collect$$libshutdown$$00000000) refers (Special) to libshutdown2.o(.ARM.Collect$$libshutdown$$00000004) for __rt_lib_shutdown_stdio_1
    libshutdown.o(.ARM.Collect$$libshutdown$$00000000) refers (Special) to libshutdown2.o(.ARM.Collect$$libshutdown$$0000000C) for __rt_lib_shutdown_user_alloc_1
    rt_raise.o(.text) refers to __raise.o(.text) for __raise
    rt_raise.o(.text) refers to sys_exit.o(.text) for _sys_exit
    defsig_exit.o(.text) refers to sys_exit.o(.text) for _sys_exit
    defsig_fpe_inner.o(.text) refers to defsig_general.o(.text) for __default_signal_display
    libinit2.o(.ARM.Collect$$libinit$$00000010) refers to libinit2.o(.ARM.Collect$$libinit$$0000000F) for .ARM.Collect$$libinit$$0000000F
    libinit2.o(.ARM.Collect$$libinit$$00000012) refers to libinit2.o(.ARM.Collect$$libinit$$0000000F) for .ARM.Collect$$libinit$$0000000F
    libinit2.o(.ARM.Collect$$libinit$$00000014) refers to libinit2.o(.ARM.Collect$$libinit$$0000000F) for .ARM.Collect$$libinit$$0000000F
    libinit2.o(.ARM.Collect$$libinit$$00000016) refers to libinit2.o(.ARM.Collect$$libinit$$0000000F) for .ARM.Collect$$libinit$$0000000F
    libinit2.o(.ARM.Collect$$libinit$$00000018) refers to libinit2.o(.ARM.Collect$$libinit$$0000000F) for .ARM.Collect$$libinit$$0000000F
    libinit2.o(.ARM.Collect$$libinit$$00000026) refers to argv_veneer.o(.emb_text) for __ARM_argv_veneer
    libinit2.o(.ARM.Collect$$libinit$$00000027) refers to argv_veneer.o(.emb_text) for __ARM_argv_veneer
    __raise.o(.text) refers to defsig.o(CL$$defsig) for __default_signal_handler
    defsig_general.o(.text) refers to sys_wrch.o(.text) for _ttywrch
    argv_veneer.o(.emb_text) refers to no_argv.o(.text) for __ARM_get_argv
    sys_wrch.o(.text) refers (Special) to use_no_semi.o(.text) for __I$use$semihosting
    sys_wrch.o(.text) refers (Special) to indicate_semi.o(.text) for __semihosting_library_function
    defsig.o(CL$$defsig) refers to defsig_fpe_inner.o(.text) for __rt_SIGFPE_inner
    defsig.o(CL$$defsig) refers to defsig_rtmem_inner.o(.text) for __rt_SIGRTMEM_inner
    _get_argv_nomalloc.o(.text) refers (Special) to hrguard.o(.text) for __heap_region$guard
    _get_argv_nomalloc.o(.text) refers to defsig_rtmem_outer.o(.text) for __rt_SIGRTMEM
    _get_argv_nomalloc.o(.text) refers to sys_command.o(.text) for _sys_command_string
    sys_command.o(.text) refers (Special) to use_no_semi.o(.text) for __I$use$semihosting
    sys_command.o(.text) refers (Special) to indicate_semi.o(.text) for __semihosting_library_function
    defsig_abrt_inner.o(.text) refers to defsig_general.o(.text) for __default_signal_display
    defsig_rtred_inner.o(.text) refers to defsig_general.o(.text) for __default_signal_display
    defsig_rtmem_inner.o(.text) refers to defsig_general.o(.text) for __default_signal_display
    defsig_rtmem_outer.o(.text) refers to defsig_rtmem_inner.o(.text) for __rt_SIGRTMEM_inner
    defsig_rtmem_outer.o(.text) refers to defsig_exit.o(.text) for __sig_exit
    defsig_rtmem_formal.o(.text) refers to rt_raise.o(.text) for __rt_raise
    defsig_stak_inner.o(.text) refers to defsig_general.o(.text) for __default_signal_display
    defsig_pvfn_inner.o(.text) refers to defsig_general.o(.text) for __default_signal_display
    defsig_cppl_inner.o(.text) refers to defsig_general.o(.text) for __default_signal_display
    defsig_segv_inner.o(.text) refers to defsig_general.o(.text) for __default_signal_display
    defsig_other.o(.text) refers to defsig_general.o(.text) for __default_signal_display


==============================================================================

Removing Unused input sections from the image.

    Removing main.o(i.thread_x), (24 bytes).
    Removing main.o(.constdata), (16 bytes).
    Removing main.o(.data), (4 bytes).
    Removing rtx_conf_cm.o(i.__user_perthread_libspace), (44 bytes).
    Removing rtx_conf_cm.o(i._mutex_initialize), (44 bytes).
    Removing system_sam3xa.o(.rev16_text), (4 bytes).
    Removing system_sam3xa.o(.revsh_text), (4 bytes).
    Removing system_sam3xa.o(.rrx_text), (6 bytes).
    Removing system_sam3xa.o(i.SystemCoreClockUpdate), (368 bytes).
    Removing system_sam3xa.o(.data), (4 bytes).
    Removing rt_cmsis.o(.rev16_text), (4 bytes).
    Removing rt_cmsis.o(.revsh_text), (4 bytes).
    Removing rt_cmsis.o(.rrx_text), (6 bytes).
    Removing rt_cmsis.o(i.isrSemaphoreRelease), (40 bytes).
    Removing rt_cmsis.o(i.isrSignalSet), (36 bytes).
    Removing rt_cmsis.o(i.osKernelRunning), (36 bytes).
    Removing rt_cmsis.o(i.osKernelSysTick), (24 bytes).
    Removing rt_cmsis.o(i.osMailAlloc), (28 bytes).
    Removing rt_cmsis.o(i.osMailCAlloc), (48 bytes).
    Removing rt_cmsis.o(i.osMailCreate), (44 bytes).
    Removing rt_cmsis.o(i.osMailFree), (28 bytes).
    Removing rt_cmsis.o(i.osMailGet), (22 bytes).
    Removing rt_cmsis.o(i.osMailPut), (20 bytes).
    Removing rt_cmsis.o(i.osMessageCreate), (44 bytes).
    Removing rt_cmsis.o(i.osMessagePut), (24 bytes).
    Removing rt_cmsis.o(i.osMutexCreate), (44 bytes).
    Removing rt_cmsis.o(i.osMutexDelete), (24 bytes).
    Removing rt_cmsis.o(i.osMutexRelease), (24 bytes).
    Removing rt_cmsis.o(i.osMutexWait), (24 bytes).
    Removing rt_cmsis.o(i.osPoolAlloc), (32 bytes).
    Removing rt_cmsis.o(i.osPoolCAlloc), (52 bytes).
    Removing rt_cmsis.o(i.osPoolCreate), (44 bytes).
    Removing rt_cmsis.o(i.osPoolFree), (32 bytes).
    Removing rt_cmsis.o(i.osSemaphoreCreate), (44 bytes).
    Removing rt_cmsis.o(i.osSemaphoreDelete), (24 bytes).
    Removing rt_cmsis.o(i.osSemaphoreRelease), (24 bytes).
    Removing rt_cmsis.o(i.osSemaphoreWait), (24 bytes).
    Removing rt_cmsis.o(i.osSignalClear), (24 bytes).
    Removing rt_cmsis.o(i.osSignalSet), (24 bytes).
    Removing rt_cmsis.o(i.osSignalWait), (24 bytes).
    Removing rt_cmsis.o(i.osThreadGetId), (24 bytes).
    Removing rt_cmsis.o(i.osThreadGetPriority), (24 bytes).
    Removing rt_cmsis.o(i.osThreadSetPriority), (24 bytes).
    Removing rt_cmsis.o(i.osThreadTerminate), (24 bytes).
    Removing rt_cmsis.o(i.osThreadYield), (24 bytes).
    Removing rt_cmsis.o(i.osTimerCreate), (44 bytes).
    Removing rt_cmsis.o(i.osTimerDelete), (24 bytes).
    Removing rt_cmsis.o(i.osTimerStart), (24 bytes).
    Removing rt_cmsis.o(i.osTimerStop), (24 bytes).
    Removing rt_cmsis.o(i.osWait), (4 bytes).
    Removing rt_cmsis.o(i.os_resume), (12 bytes).
    Removing rt_cmsis.o(i.os_suspend), (12 bytes).
    Removing rt_cmsis.o(i.rt_clr_box), (24 bytes).
    Removing rt_cmsis.o(i.rt_timer_remove), (60 bytes).
    Removing rt_cmsis.o(i.svcKernelRunning), (12 bytes).
    Removing rt_cmsis.o(i.svcKernelSysTick), (56 bytes).
    Removing rt_cmsis.o(i.svcMailCreate), (66 bytes).
    Removing rt_cmsis.o(i.svcMessagePut), (54 bytes).
    Removing rt_cmsis.o(i.svcMutexCreate), (28 bytes).
    Removing rt_cmsis.o(i.svcMutexDelete), (26 bytes).
    Removing rt_cmsis.o(i.svcMutexRelease), (34 bytes).
    Removing rt_cmsis.o(i.svcMutexWait), (58 bytes).
    Removing rt_cmsis.o(i.svcPoolCreate), (40 bytes).
    Removing rt_cmsis.o(i.svcSemaphoreCreate), (36 bytes).
    Removing rt_cmsis.o(i.svcSemaphoreDelete), (26 bytes).
    Removing rt_cmsis.o(i.svcSemaphoreRelease), (40 bytes).
    Removing rt_cmsis.o(i.svcSemaphoreWait), (50 bytes).
    Removing rt_cmsis.o(i.svcSignalClear), (36 bytes).
    Removing rt_cmsis.o(i.svcSignalSet), (36 bytes).
    Removing rt_cmsis.o(i.svcSignalWait), (84 bytes).
    Removing rt_cmsis.o(i.svcThreadGetPriority), (18 bytes).
    Removing rt_cmsis.o(i.svcThreadSetPriority), (46 bytes).
    Removing rt_cmsis.o(i.svcThreadYield), (10 bytes).
    Removing rt_cmsis.o(i.svcTimerCreate), (56 bytes).
    Removing rt_cmsis.o(i.svcTimerDelete), (40 bytes).
    Removing rt_cmsis.o(i.svcTimerStart), (100 bytes).
    Removing rt_cmsis.o(i.svcTimerStop), (36 bytes).
    Removing rt_cmsis.o(i.sysMailAlloc), (88 bytes).
    Removing rt_cmsis.o(i.sysMailFree), (96 bytes).
    Removing rt_cmsis.o(i.sysPoolAlloc), (10 bytes).
    Removing rt_cmsis.o(i.sysPoolFree), (20 bytes).
    Removing rt_cmsis.o(i.sysUserTimerUpdate), (48 bytes).
    Removing rt_cmsis.o(i.sysUserTimerWakeupTime), (20 bytes).
    Removing rt_task.o(i.rt_tsk_pass), (48 bytes).
    Removing rt_mutex.o(i.rt_mut_delete), (176 bytes).
    Removing rt_mutex.o(i.rt_mut_init), (16 bytes).
    Removing rt_system.o(.emb_text), (0 bytes).
    Removing rt_system.o(i.os_tick_ovf), (16 bytes).
    Removing rt_system.o(i.os_tick_val), (20 bytes).
    Removing rt_system.o(i.rt_resume), (136 bytes).
    Removing rt_system.o(i.rt_suspend), (36 bytes).
    Removing rt_system.o(i.rt_tsk_lock), (80 bytes).
    Removing rt_system.o(i.rt_tsk_unlock), (80 bytes).
    Removing rt_event.o(i.isr_evt_set), (40 bytes).
    Removing rt_event.o(i.rt_evt_clr), (28 bytes).
    Removing rt_event.o(i.rt_evt_get), (12 bytes).
    Removing rt_event.o(i.rt_evt_set), (92 bytes).
    Removing rt_event.o(i.rt_evt_wait), (60 bytes).
    Removing rt_list.o(i.rt_get_same_rdy_prio), (36 bytes).
    Removing rt_mailbox.o(i.rt_mbx_send), (152 bytes).
    Removing rt_semaphore.o(i.isr_sem_send), (16 bytes).
    Removing rt_semaphore.o(i.rt_sem_delete), (92 bytes).
    Removing rt_semaphore.o(i.rt_sem_init), (12 bytes).
    Removing rt_semaphore.o(i.rt_sem_send), (42 bytes).
    Removing rt_semaphore.o(i.rt_sem_wait), (64 bytes).
    Removing rt_time.o(i.rt_itv_set), (24 bytes).
    Removing rt_time.o(i.rt_itv_wait), (40 bytes).
    Removing rt_time.o(i.rt_time_get), (12 bytes).
    Removing rt_membox.o(i._calloc_box), (30 bytes).

109 unused section(s) (total 4368 bytes) removed from the image.

==============================================================================

Image Symbol Table

    Local Symbols

    Symbol Name                              Value     Ov Type        Size  Object(Section)

    ../clib/angel/boardlib.s                 0x00000000   Number         0  boardshut.o ABSOLUTE
    ../clib/angel/boardlib.s                 0x00000000   Number         0  boardinit1.o ABSOLUTE
    ../clib/angel/boardlib.s                 0x00000000   Number         0  boardinit2.o ABSOLUTE
    ../clib/angel/handlers.s                 0x00000000   Number         0  __scatter_zi.o ABSOLUTE
    ../clib/angel/handlers.s                 0x00000000   Number         0  __scatter_copy.o ABSOLUTE
    ../clib/angel/kernel.s                   0x00000000   Number         0  rtexit2.o ABSOLUTE
    ../clib/angel/kernel.s                   0x00000000   Number         0  __rtentry4.o ABSOLUTE
    ../clib/angel/kernel.s                   0x00000000   Number         0  __rtentry2.o ABSOLUTE
    ../clib/angel/kernel.s                   0x00000000   Number         0  rtexit.o ABSOLUTE
    ../clib/angel/kernel.s                   0x00000000   Number         0  __rtentry.o ABSOLUTE
    ../clib/angel/rt.s                       0x00000000   Number         0  aeabi_ldiv0_sigfpe.o ABSOLUTE
    ../clib/angel/rt.s                       0x00000000   Number         0  rt_raise.o ABSOLUTE
    ../clib/angel/rt.s                       0x00000000   Number         0  rt_div0.o ABSOLUTE
    ../clib/angel/rt.s                       0x00000000   Number         0  aeabi_ldiv0.o ABSOLUTE
    ../clib/angel/scatter.s                  0x00000000   Number         0  __scatter.o ABSOLUTE
    ../clib/angel/startup.s                  0x00000000   Number         0  __main.o ABSOLUTE
    ../clib/angel/sys.s                      0x00000000   Number         0  use_no_semi.o ABSOLUTE
    ../clib/angel/sys.s                      0x00000000   Number         0  indicate_semi.o ABSOLUTE
    ../clib/angel/sys.s                      0x00000000   Number         0  sys_stackheap_outer.o ABSOLUTE
    ../clib/angel/sys.s                      0x00000000   Number         0  libspace.o ABSOLUTE
    ../clib/angel/sysapp.c                   0x00000000   Number         0  sys_wrch.o ABSOLUTE
    ../clib/angel/sysapp.c                   0x00000000   Number         0  sys_command.o ABSOLUTE
    ../clib/angel/sysapp.c                   0x00000000   Number         0  sys_exit.o ABSOLUTE
    ../clib/armsys.c                         0x00000000   Number         0  _get_argv_nomalloc.o ABSOLUTE
    ../clib/armsys.c                         0x00000000   Number         0  argv_veneer.o ABSOLUTE
    ../clib/armsys.c                         0x00000000   Number         0  argv_veneer.o ABSOLUTE
    ../clib/armsys.c                         0x00000000   Number         0  no_argv.o ABSOLUTE
    ../clib/heapalloc.c                      0x00000000   Number         0  hrguard.o ABSOLUTE
    ../clib/heapaux.c                        0x00000000   Number         0  heapauxi.o ABSOLUTE
    ../clib/libinit.s                        0x00000000   Number         0  libinit2.o ABSOLUTE
    ../clib/libinit.s                        0x00000000   Number         0  libshutdown.o ABSOLUTE
    ../clib/libinit.s                        0x00000000   Number         0  libinit.o ABSOLUTE
    ../clib/libinit.s                        0x00000000   Number         0  libshutdown2.o ABSOLUTE
    ../clib/longlong.s                       0x00000000   Number         0  lludivv7m.o ABSOLUTE
    ../clib/signal.c                         0x00000000   Number         0  defsig_exit.o ABSOLUTE
    ../clib/signal.c                         0x00000000   Number         0  defsig_stak_inner.o ABSOLUTE
    ../clib/signal.c                         0x00000000   Number         0  defsig_rtred_inner.o ABSOLUTE
    ../clib/signal.c                         0x00000000   Number         0  defsig_fpe_inner.o ABSOLUTE
    ../clib/signal.c                         0x00000000   Number         0  defsig_other.o ABSOLUTE
    ../clib/signal.c                         0x00000000   Number         0  defsig_segv_inner.o ABSOLUTE
    ../clib/signal.c                         0x00000000   Number         0  defsig_cppl_inner.o ABSOLUTE
    ../clib/signal.c                         0x00000000   Number         0  defsig_pvfn_inner.o ABSOLUTE
    ../clib/signal.c                         0x00000000   Number         0  defsig_rtmem_inner.o ABSOLUTE
    ../clib/signal.c                         0x00000000   Number         0  defsig_rtmem_formal.o ABSOLUTE
    ../clib/signal.c                         0x00000000   Number         0  defsig_rtmem_outer.o ABSOLUTE
    ../clib/signal.c                         0x00000000   Number         0  defsig_general.o ABSOLUTE
    ../clib/signal.c                         0x00000000   Number         0  defsig_abrt_inner.o ABSOLUTE
    ../clib/signal.c                         0x00000000   Number         0  __raise.o ABSOLUTE
    ../clib/signal.c                         0x00000000   Number         0  defsig_fpe_formal.o ABSOLUTE
    ../clib/signal.c                         0x00000000   Number         0  defsig_fpe_outer.o ABSOLUTE
    ../clib/signal.s                         0x00000000   Number         0  defsig.o ABSOLUTE
    ../clib/stdlib.c                         0x00000000   Number         0  exit.o ABSOLUTE
    ../fplib/fpinit.s                        0x00000000   Number         0  fpinit.o ABSOLUTE
    ..\HAL_CM.c                              0x00000000   Number         0  hal_cm.o ABSOLUTE
    ..\\rt_CMSIS.c                           0x00000000   Number         0  rt_cmsis.o ABSOLUTE
    ..\\rt_System.c                          0x00000000   Number         0  rt_system.o ABSOLUTE
    ..\rt_CMSIS.c                            0x00000000   Number         0  rt_cmsis.o ABSOLUTE
    ..\rt_Event.c                            0x00000000   Number         0  rt_event.o ABSOLUTE
    ..\rt_List.c                             0x00000000   Number         0  rt_list.o ABSOLUTE
    ..\rt_Mailbox.c                          0x00000000   Number         0  rt_mailbox.o ABSOLUTE
    ..\rt_MemBox.c                           0x00000000   Number         0  rt_membox.o ABSOLUTE
    ..\rt_Memory.c                           0x00000000   Number         0  rt_memory.o ABSOLUTE
    ..\rt_Mutex.c                            0x00000000   Number         0  rt_mutex.o ABSOLUTE
    ..\rt_Robin.c                            0x00000000   Number         0  rt_robin.o ABSOLUTE
    ..\rt_Semaphore.c                        0x00000000   Number         0  rt_semaphore.o ABSOLUTE
    ..\rt_System.c                           0x00000000   Number         0  rt_system.o ABSOLUTE
    ..\rt_Task.c                             0x00000000   Number         0  rt_task.o ABSOLUTE
    ..\rt_Time.c                             0x00000000   Number         0  rt_time.o ABSOLUTE
    HAL_CM3.c                                0x00000000   Number         0  hal_cm3.o ABSOLUTE
    HAL_CM3.c                                0x00000000   Number         0  hal_cm3.o ABSOLUTE
    RTE\CMSIS\RTX_Conf_CM.c                  0x00000000   Number         0  rtx_conf_cm.o ABSOLUTE
    RTE\Device\ATSAM3X8E\startup_SAM3XA.s    0x00000000   Number         0  startup_sam3xa.o ABSOLUTE
    RTE\Device\ATSAM3X8E\system_SAM3XA.c     0x00000000   Number         0  system_sam3xa.o ABSOLUTE
    RTE\\CMSIS\\RTX_Conf_CM.c                0x00000000   Number         0  rtx_conf_cm.o ABSOLUTE
    RTE\\Device\\ATSAM3X8E\\system_SAM3XA.c  0x00000000   Number         0  system_sam3xa.o ABSOLUTE
    SVC_Table.s                              0x00000000   Number         0  svc_table.o ABSOLUTE
    dc.s                                     0x00000000   Number         0  dc.o ABSOLUTE
    src\main.c                               0x00000000   Number         0  main.o ABSOLUTE
    src\task.c                               0x00000000   Number         0  task.o ABSOLUTE
    RESET                                    0x00080000   Section      244  startup_sam3xa.o(RESET)
    !!!main                                  0x000800f4   Section        8  __main.o(!!!main)
    !!!scatter                               0x000800fc   Section       52  __scatter.o(!!!scatter)
    !!handler_copy                           0x00080130   Section       26  __scatter_copy.o(!!handler_copy)
    !!handler_zi                             0x0008014c   Section       28  __scatter_zi.o(!!handler_zi)
    .ARM.Collect$$libinit$$00000000          0x00080168   Section        2  libinit.o(.ARM.Collect$$libinit$$00000000)
    .ARM.Collect$$libinit$$00000002          0x0008016a   Section        0  libinit2.o(.ARM.Collect$$libinit$$00000002)
    .ARM.Collect$$libinit$$00000004          0x0008016a   Section        0  libinit2.o(.ARM.Collect$$libinit$$00000004)
    .ARM.Collect$$libinit$$0000000A          0x0008016a   Section        0  libinit2.o(.ARM.Collect$$libinit$$0000000A)
    .ARM.Collect$$libinit$$0000000C          0x0008016a   Section        0  libinit2.o(.ARM.Collect$$libinit$$0000000C)
    .ARM.Collect$$libinit$$0000000E          0x0008016a   Section        0  libinit2.o(.ARM.Collect$$libinit$$0000000E)
    .ARM.Collect$$libinit$$00000011          0x0008016a   Section        0  libinit2.o(.ARM.Collect$$libinit$$00000011)
    .ARM.Collect$$libinit$$00000013          0x0008016a   Section        0  libinit2.o(.ARM.Collect$$libinit$$00000013)
    .ARM.Collect$$libinit$$00000015          0x0008016a   Section        0  libinit2.o(.ARM.Collect$$libinit$$00000015)
    .ARM.Collect$$libinit$$00000017          0x0008016a   Section        0  libinit2.o(.ARM.Collect$$libinit$$00000017)
    .ARM.Collect$$libinit$$00000019          0x0008016a   Section        0  libinit2.o(.ARM.Collect$$libinit$$00000019)
    .ARM.Collect$$libinit$$0000001B          0x0008016a   Section        0  libinit2.o(.ARM.Collect$$libinit$$0000001B)
    .ARM.Collect$$libinit$$0000001D          0x0008016a   Section        0  libinit2.o(.ARM.Collect$$libinit$$0000001D)
    .ARM.Collect$$libinit$$0000001F          0x0008016a   Section        0  libinit2.o(.ARM.Collect$$libinit$$0000001F)
    .ARM.Collect$$libinit$$00000021          0x0008016a   Section        0  libinit2.o(.ARM.Collect$$libinit$$00000021)
    .ARM.Collect$$libinit$$00000023          0x0008016a   Section        0  libinit2.o(.ARM.Collect$$libinit$$00000023)
    .ARM.Collect$$libinit$$00000025          0x0008016a   Section        0  libinit2.o(.ARM.Collect$$libinit$$00000025)
    .ARM.Collect$$libinit$$0000002C          0x0008016a   Section        0  libinit2.o(.ARM.Collect$$libinit$$0000002C)
    .ARM.Collect$$libinit$$0000002E          0x0008016a   Section        0  libinit2.o(.ARM.Collect$$libinit$$0000002E)
    .ARM.Collect$$libinit$$00000030          0x0008016a   Section        0  libinit2.o(.ARM.Collect$$libinit$$00000030)
    .ARM.Collect$$libinit$$00000032          0x0008016a   Section        0  libinit2.o(.ARM.Collect$$libinit$$00000032)
    .ARM.Collect$$libinit$$00000033          0x0008016a   Section        2  libinit2.o(.ARM.Collect$$libinit$$00000033)
    .ARM.Collect$$libshutdown$$00000000      0x0008016c   Section        2  libshutdown.o(.ARM.Collect$$libshutdown$$00000000)
    .ARM.Collect$$libshutdown$$00000002      0x0008016e   Section        0  libshutdown2.o(.ARM.Collect$$libshutdown$$00000002)
    .ARM.Collect$$libshutdown$$00000004      0x0008016e   Section        0  libshutdown2.o(.ARM.Collect$$libshutdown$$00000004)
    .ARM.Collect$$libshutdown$$00000007      0x0008016e   Section        0  libshutdown2.o(.ARM.Collect$$libshutdown$$00000007)
    .ARM.Collect$$libshutdown$$0000000A      0x0008016e   Section        0  libshutdown2.o(.ARM.Collect$$libshutdown$$0000000A)
    .ARM.Collect$$libshutdown$$0000000C      0x0008016e   Section        0  libshutdown2.o(.ARM.Collect$$libshutdown$$0000000C)
    .ARM.Collect$$libshutdown$$0000000F      0x0008016e   Section        0  libshutdown2.o(.ARM.Collect$$libshutdown$$0000000F)
    .ARM.Collect$$libshutdown$$00000010      0x0008016e   Section        2  libshutdown2.o(.ARM.Collect$$libshutdown$$00000010)
    .ARM.Collect$$rtentry$$00000000          0x00080170   Section        0  __rtentry.o(.ARM.Collect$$rtentry$$00000000)
    .ARM.Collect$$rtentry$$00000002          0x00080170   Section        0  __rtentry2.o(.ARM.Collect$$rtentry$$00000002)
    .ARM.Collect$$rtentry$$00000004          0x00080170   Section        6  __rtentry4.o(.ARM.Collect$$rtentry$$00000004)
    .ARM.Collect$$rtentry$$00000009          0x00080176   Section        0  __rtentry2.o(.ARM.Collect$$rtentry$$00000009)
    .ARM.Collect$$rtentry$$0000000A          0x00080176   Section        4  __rtentry2.o(.ARM.Collect$$rtentry$$0000000A)
    .ARM.Collect$$rtentry$$0000000B          0x0008017a   Section        8  __rtentry2.o(.ARM.Collect$$rtentry$$0000000B)
    .ARM.Collect$$rtentry$$0000000D          0x00080182   Section        8  __rtentry2.o(.ARM.Collect$$rtentry$$0000000D)
    .ARM.Collect$$rtexit$$00000000           0x0008018a   Section        2  rtexit.o(.ARM.Collect$$rtexit$$00000000)
    .ARM.Collect$$rtexit$$00000002           0x0008018c   Section        0  rtexit2.o(.ARM.Collect$$rtexit$$00000002)
    .ARM.Collect$$rtexit$$00000003           0x0008018c   Section        4  rtexit2.o(.ARM.Collect$$rtexit$$00000003)
    .ARM.Collect$$rtexit$$00000004           0x00080190   Section        6  rtexit2.o(.ARM.Collect$$rtexit$$00000004)
    .emb_text                                0x00080198   Section       28  rtx_conf_cm.o(.emb_text)
    .emb_text                                0x000801b4   Section      304  hal_cm3.o(.emb_text)
    .text                                    0x000802e4   Section       64  startup_sam3xa.o(.text)
    .text                                    0x00080324   Section        8  libspace.o(.text)
    .text                                    0x0008032c   Section        0  exit.o(.text)
    .text                                    0x0008033e   Section        0  heapauxi.o(.text)
    .text                                    0x00080344   Section        0  sys_exit.o(.text)
    .text                                    0x00080350   Section       74  sys_stackheap_outer.o(.text)
    .text                                    0x0008039a   Section        2  use_no_semi.o(.text)
    .text                                    0x0008039c   Section        0  indicate_semi.o(.text)
    SVC_TABLE                                0x0008039c   Section        4  svc_table.o(SVC_TABLE)
    i.SystemInit                             0x000803a0   Section        0  system_sam3xa.o(i.SystemInit)
    i._init_box                              0x00080474   Section        0  rt_membox.o(i._init_box)
    i._mutex_acquire                         0x000804bc   Section        0  rtx_conf_cm.o(i._mutex_acquire)
    __tagsym$$used                           0x000804bd   Number         0  rtx_conf_cm.o(i._mutex_acquire)
    i._mutex_release                         0x000804dc   Section        0  rtx_conf_cm.o(i._mutex_release)
    __tagsym$$used                           0x000804dd   Number         0  rtx_conf_cm.o(i._mutex_release)
    i.dbg_init                               0x000804f8   Section        0  hal_cm.o(i.dbg_init)
    i.dbg_task_notify                        0x00080528   Section        0  hal_cm.o(i.dbg_task_notify)
    i.dbg_task_switch                        0x00080548   Section        0  hal_cm.o(i.dbg_task_switch)
    i.isrMessageGet                          0x00080558   Section        0  rt_cmsis.o(i.isrMessageGet)
    i.isrMessagePut                          0x00080582   Section        0  rt_cmsis.o(i.isrMessagePut)
    i.isr_mbx_receive                        0x000805b0   Section        0  rt_mailbox.o(i.isr_mbx_receive)
    i.isr_mbx_send                           0x00080606   Section        0  rt_mailbox.o(i.isr_mbx_send)
    i.main                                   0x00080614   Section        0  main.o(i.main)
    i.osDelay                                0x00080630   Section        0  rt_cmsis.o(i.osDelay)
    i.osKernelInitialize                     0x00080648   Section        0  rt_cmsis.o(i.osKernelInitialize)
    i.osKernelStart                          0x0008066c   Section        0  rt_cmsis.o(i.osKernelStart)
    i.osMessageGet                           0x000806d8   Section        0  rt_cmsis.o(i.osMessageGet)
    i.osThreadCreate                         0x000806f0   Section        0  rt_cmsis.o(i.osThreadCreate)
    i.osThreadExit                           0x0008071c   Section        0  rt_cmsis.o(i.osThreadExit)
    i.osTimerCall                            0x00080734   Section        0  rt_cmsis.o(i.osTimerCall)
    i.osTimerThread                          0x00080740   Section        0  rt_cmsis.o(i.osTimerThread)
    i.os_error                               0x0008076c   Section        0  rtx_conf_cm.o(i.os_error)
    i.os_idle_demon                          0x0008078e   Section        0  rtx_conf_cm.o(i.os_idle_demon)
    i.os_tick_init                           0x00080798   Section        0  rt_system.o(i.os_tick_init)
    i.os_tick_irqack                         0x000807c0   Section        0  rt_system.o(i.os_tick_irqack)
    i.postKernelInit                         0x000807c4   Section        0  task.o(i.postKernelInit)
    i.preKernelInit                          0x000807d0   Section        0  task.o(i.preKernelInit)
    i.rt_alloc_box                           0x000807dc   Section        0  rt_membox.o(i.rt_alloc_box)
    i.rt_alloc_mem                           0x000807f6   Section        0  rt_memory.o(i.rt_alloc_mem)
    i.rt_block                               0x00080834   Section        0  rt_task.o(i.rt_block)
    i.rt_chk_robin                           0x0008086c   Section        0  rt_robin.o(i.rt_chk_robin)
    i.rt_dec_dly                             0x000808b4   Section        0  rt_list.o(i.rt_dec_dly)
    i.rt_dispatch                            0x00080924   Section        0  rt_task.o(i.rt_dispatch)
    i.rt_dly_wait                            0x00080968   Section        0  rt_time.o(i.rt_dly_wait)
    i.rt_evt_psh                             0x00080970   Section        0  rt_event.o(i.rt_evt_psh)
    i.rt_free_box                            0x000809c0   Section        0  rt_membox.o(i.rt_free_box)
    i.rt_free_mem                            0x000809ec   Section        0  rt_memory.o(i.rt_free_mem)
    i.rt_get_first                           0x00080a14   Section        0  rt_list.o(i.rt_get_first)
    i.rt_id2obj                              0x00080a3c   Section        0  rt_cmsis.o(i.rt_id2obj)
    rt_id2obj                                0x00080a3d   Thumb Code     8  rt_cmsis.o(i.rt_id2obj)
    i.rt_init_context                        0x00080a44   Section        0  rt_task.o(i.rt_init_context)
    rt_init_context                          0x00080a45   Thumb Code    66  rt_task.o(i.rt_init_context)
    i.rt_init_mem                            0x00080a8c   Section        0  rt_memory.o(i.rt_init_mem)
    i.rt_init_robin                          0x00080aa8   Section        0  rt_robin.o(i.rt_init_robin)
    i.rt_init_stack                          0x00080ac0   Section        0  hal_cm.o(i.rt_init_stack)
    i.rt_mbx_check                           0x00080b40   Section        0  rt_mailbox.o(i.rt_mbx_check)
    i.rt_mbx_init                            0x00080b48   Section        0  rt_mailbox.o(i.rt_mbx_init)
    i.rt_mbx_psh                             0x00080b64   Section        0  rt_mailbox.o(i.rt_mbx_psh)
    i.rt_mbx_wait                            0x00080c54   Section        0  rt_mailbox.o(i.rt_mbx_wait)
    i.rt_ms2tick                             0x00080d08   Section        0  rt_cmsis.o(i.rt_ms2tick)
    rt_ms2tick                               0x00080d09   Thumb Code    58  rt_cmsis.o(i.rt_ms2tick)
    i.rt_mut_release                         0x00080d4c   Section        0  rt_mutex.o(i.rt_mut_release)
    i.rt_mut_wait                            0x00080e24   Section        0  rt_mutex.o(i.rt_mut_wait)
    i.rt_pop_req                             0x00080e9c   Section        0  rt_system.o(i.rt_pop_req)
    i.rt_psh_req                             0x00080f18   Section        0  rt_system.o(i.rt_psh_req)
    i.rt_psq_enq                             0x00080f38   Section        0  rt_list.o(i.rt_psq_enq)
    i.rt_put_dly                             0x00080f94   Section        0  rt_list.o(i.rt_put_dly)
    i.rt_put_prio                            0x00080fdc   Section        0  rt_list.o(i.rt_put_prio)
    i.rt_put_rdy_first                       0x00081014   Section        0  rt_list.o(i.rt_put_rdy_first)
    i.rt_resort_prio                         0x00081028   Section        0  rt_list.o(i.rt_resort_prio)
    i.rt_ret_val                             0x0008105c   Section        0  hal_cm.o(i.rt_ret_val)
    i.rt_ret_val2                            0x00081062   Section        0  hal_cm.o(i.rt_ret_val2)
    i.rt_rmv_dly                             0x0008106a   Section        0  rt_list.o(i.rt_rmv_dly)
    i.rt_rmv_list                            0x00081094   Section        0  rt_list.o(i.rt_rmv_list)
    i.rt_sem_psh                             0x000810c4   Section        0  rt_semaphore.o(i.rt_sem_psh)
    i.rt_stk_check                           0x000810f8   Section        0  rt_system.o(i.rt_stk_check)
    i.rt_switch_req                          0x0008111c   Section        0  rt_task.o(i.rt_switch_req)
    i.rt_sys_init                            0x00081144   Section        0  rt_task.o(i.rt_sys_init)
    i.rt_sys_start                           0x00081210   Section        0  rt_task.o(i.rt_sys_start)
    i.rt_systick                             0x00081288   Section        0  rt_system.o(i.rt_systick)
    i.rt_tid2ptcb                            0x000812c8   Section        0  rt_cmsis.o(i.rt_tid2ptcb)
    rt_tid2ptcb                              0x000812c9   Thumb Code    18  rt_cmsis.o(i.rt_tid2ptcb)
    i.rt_timer_insert                        0x000812dc   Section        0  rt_cmsis.o(i.rt_timer_insert)
    rt_timer_insert                          0x000812dd   Thumb Code    48  rt_cmsis.o(i.rt_timer_insert)
    i.rt_tsk_create                          0x00081310   Section        0  rt_task.o(i.rt_tsk_create)
    i.rt_tsk_delete                          0x00081398   Section        0  rt_task.o(i.rt_tsk_delete)
    i.rt_tsk_prio                            0x00081514   Section        0  rt_task.o(i.rt_tsk_prio)
    i.rt_tsk_self                            0x00081590   Section        0  rt_task.o(i.rt_tsk_self)
    i.svcDelay                               0x000815a0   Section        0  rt_cmsis.o(i.svcDelay)
    i.svcKernelInitialize                    0x000815b4   Section        0  rt_cmsis.o(i.svcKernelInitialize)
    i.svcKernelStart                         0x00081624   Section        0  rt_cmsis.o(i.svcKernelStart)
    i.svcMessageCreate                       0x0008166c   Section        0  rt_cmsis.o(i.svcMessageCreate)
    i.svcMessageGet                          0x00081690   Section        0  rt_cmsis.o(i.svcMessageGet)
    i.svcThreadCreate                        0x000816cc   Section        0  rt_cmsis.o(i.svcThreadCreate)
    i.svcThreadGetId                         0x00081738   Section        0  rt_cmsis.o(i.svcThreadGetId)
    i.svcThreadTerminate                     0x00081754   Section        0  rt_cmsis.o(i.svcThreadTerminate)
    i.svcTimerCall                           0x0008178c   Section        0  rt_cmsis.o(i.svcTimerCall)
    i.sysTimerTick                           0x000817a4   Section        0  rt_cmsis.o(i.sysTimerTick)
    i.thread_1000x                           0x00081800   Section        0  task.o(i.thread_1000x)
    i.thread_100x                            0x0008181c   Section        0  task.o(i.thread_100x)
    i.thread_10x                             0x00081838   Section        0  task.o(i.thread_10x)
    i.thread_200x                            0x00081854   Section        0  task.o(i.thread_200x)
    i.thread_20x                             0x00081870   Section        0  task.o(i.thread_20x)
    i.thread_500x                            0x0008188c   Section        0  task.o(i.thread_500x)
    i.thread_50x                             0x000818a8   Section        0  task.o(i.thread_50x)
    i.thread_bg                              0x000818c4   Section        0  task.o(i.thread_bg)
    i.thread_init                            0x000818d4   Section        0  task.o(i.thread_init)
    .constdata                               0x000819b4   Section      112  task.o(.constdata)
    .constdata                               0x00081a24   Section      104  rtx_conf_cm.o(.constdata)
    __tagsym$$used                           0x00081a40   Number         0  rtx_conf_cm.o(.constdata)
    __tagsym$$used                           0x00081a44   Number         0  rtx_conf_cm.o(.constdata)
    __tagsym$$used                           0x00081a48   Number         0  rtx_conf_cm.o(.constdata)
    __tagsym$$used                           0x00081a4c   Number         0  rtx_conf_cm.o(.constdata)
    .data                                    0x20000000   Section       67  task.o(.data)
    .data                                    0x20000044   Section       20  rtx_conf_cm.o(.data)
    nr_mutex                                 0x20000054   Data           4  rtx_conf_cm.o(.data)
    .data                                    0x20000058   Section        8  rt_cmsis.o(.data)
    .data                                    0x20000060   Section        8  rt_task.o(.data)
    .data                                    0x20000068   Section        8  rt_system.o(.data)
    os_lock                                  0x20000068   Data           1  rt_system.o(.data)
    os_psh_flag                              0x20000069   Data           1  rt_system.o(.data)
    pend_flags                               0x2000006a   Data           1  rt_system.o(.data)
    .data                                    0x20000070   Section        4  rt_time.o(.data)
    .data                                    0x20000074   Section        8  rt_robin.o(.data)
    .data                                    0x2000007c   Section        1  hal_cm.o(.data)
    .bss                                     0x20000080   Section     6424  rtx_conf_cm.o(.bss)
    std_libspace                             0x200014f8   Data        1056  rtx_conf_cm.o(.bss)
    std_libmutex                             0x20001918   Data         128  rtx_conf_cm.o(.bss)
    .bss                                     0x20001998   Section       52  rt_task.o(.bss)
    .bss                                     0x200019cc   Section       48  rt_list.o(.bss)
    .bss                                     0x200019fc   Section       96  libspace.o(.bss)
    HEAP                                     0x20001a60   Section      512  startup_sam3xa.o(HEAP)
    Heap_Mem                                 0x20001a60   Data         512  startup_sam3xa.o(HEAP)
    STACK                                    0x20001c60   Section      512  startup_sam3xa.o(STACK)
    Stack_Mem                                0x20001c60   Data         512  startup_sam3xa.o(STACK)
    __initial_sp                             0x20001e60   Data           0  startup_sam3xa.o(STACK)

    Global Symbols

    Symbol Name                              Value     Ov Type        Size  Object(Section)

    BuildAttributes$$THM_ISAv4$P$D$K$B$S$PE$A:L22UL41UL21$X:L11$S22US41US21$IEEE1$IW$USESV6$~STKCKD$USESV7$~SHL$OSPACE$ROPI$EBA8$UX$STANDARDLIB$REQ8$PRES8$EABIv2 0x00000000   Number         0  anon$$obj.o ABSOLUTE
    __ARM_use_no_argv                        0x00000000   Number         0  main.o ABSOLUTE
    __ARM_exceptions_init                     - Undefined Weak Reference
    __alloca_initialize                       - Undefined Weak Reference
    __arm_preinit_                            - Undefined Weak Reference
    __cpp_initialize__aeabi_                  - Undefined Weak Reference
    __cxa_finalize                            - Undefined Weak Reference
    __rt_locale                               - Undefined Weak Reference
    __sigvec_lookup                           - Undefined Weak Reference
    _atexit_init                              - Undefined Weak Reference
    _call_atexit_fns                          - Undefined Weak Reference
    _clock_init                               - Undefined Weak Reference
    _fp_trap_init                             - Undefined Weak Reference
    _fp_trap_shutdown                         - Undefined Weak Reference
    _get_lc_collate                           - Undefined Weak Reference
    _get_lc_ctype                             - Undefined Weak Reference
    _get_lc_monetary                          - Undefined Weak Reference
    _get_lc_numeric                           - Undefined Weak Reference
    _get_lc_time                              - Undefined Weak Reference
    _getenv_init                              - Undefined Weak Reference
    _handle_redirection                       - Undefined Weak Reference
    _init_alloc                               - Undefined Weak Reference
    _init_user_alloc                          - Undefined Weak Reference
    _initio                                   - Undefined Weak Reference
    _rand_init                                - Undefined Weak Reference
    _signal_finish                            - Undefined Weak Reference
    _signal_init                              - Undefined Weak Reference
    _terminate_alloc                          - Undefined Weak Reference
    _terminate_user_alloc                     - Undefined Weak Reference
    _terminateio                              - Undefined Weak Reference
    __RL_RTX_VER                             0x00000482   Number         0  rt_system.o ABSOLUTE
    __Vectors                                0x00080000   Data           4  startup_sam3xa.o(RESET)
    __main                                   0x000800f5   Thumb Code     8  __main.o(!!!main)
    __scatterload                            0x000800fd   Thumb Code     0  __scatter.o(!!!scatter)
    __scatterload_rt2                        0x000800fd   Thumb Code    44  __scatter.o(!!!scatter)
    __scatterload_rt2_thumb_only             0x000800fd   Thumb Code     0  __scatter.o(!!!scatter)
    __scatterload_null                       0x0008010b   Thumb Code     0  __scatter.o(!!!scatter)
    __scatterload_copy                       0x00080131   Thumb Code    26  __scatter_copy.o(!!handler_copy)
    __scatterload_zeroinit                   0x0008014d   Thumb Code    28  __scatter_zi.o(!!handler_zi)
    __rt_lib_init                            0x00080169   Thumb Code     0  libinit.o(.ARM.Collect$$libinit$$00000000)
    __rt_lib_init_alloca_1                   0x0008016b   Thumb Code     0  libinit2.o(.ARM.Collect$$libinit$$0000002E)
    __rt_lib_init_argv_1                     0x0008016b   Thumb Code     0  libinit2.o(.ARM.Collect$$libinit$$0000002C)
    __rt_lib_init_atexit_1                   0x0008016b   Thumb Code     0  libinit2.o(.ARM.Collect$$libinit$$0000001B)
    __rt_lib_init_clock_1                    0x0008016b   Thumb Code     0  libinit2.o(.ARM.Collect$$libinit$$00000021)
    __rt_lib_init_cpp_1                      0x0008016b   Thumb Code     0  libinit2.o(.ARM.Collect$$libinit$$00000032)
    __rt_lib_init_exceptions_1               0x0008016b   Thumb Code     0  libinit2.o(.ARM.Collect$$libinit$$00000030)
    __rt_lib_init_fp_1                       0x0008016b   Thumb Code     0  libinit2.o(.ARM.Collect$$libinit$$00000002)
    __rt_lib_init_fp_trap_1                  0x0008016b   Thumb Code     0  libinit2.o(.ARM.Collect$$libinit$$0000001F)
    __rt_lib_init_getenv_1                   0x0008016b   Thumb Code     0  libinit2.o(.ARM.Collect$$libinit$$00000023)
    __rt_lib_init_heap_1                     0x0008016b   Thumb Code     0  libinit2.o(.ARM.Collect$$libinit$$0000000A)
    __rt_lib_init_lc_collate_1               0x0008016b   Thumb Code     0  libinit2.o(.ARM.Collect$$libinit$$00000011)
    __rt_lib_init_lc_ctype_1                 0x0008016b   Thumb Code     0  libinit2.o(.ARM.Collect$$libinit$$00000013)
    __rt_lib_init_lc_monetary_1              0x0008016b   Thumb Code     0  libinit2.o(.ARM.Collect$$libinit$$00000015)
    __rt_lib_init_lc_numeric_1               0x0008016b   Thumb Code     0  libinit2.o(.ARM.Collect$$libinit$$00000017)
    __rt_lib_init_lc_time_1                  0x0008016b   Thumb Code     0  libinit2.o(.ARM.Collect$$libinit$$00000019)
    __rt_lib_init_preinit_1                  0x0008016b   Thumb Code     0  libinit2.o(.ARM.Collect$$libinit$$00000004)
    __rt_lib_init_rand_1                     0x0008016b   Thumb Code     0  libinit2.o(.ARM.Collect$$libinit$$0000000E)
    __rt_lib_init_return                     0x0008016b   Thumb Code     0  libinit2.o(.ARM.Collect$$libinit$$00000033)
    __rt_lib_init_signal_1                   0x0008016b   Thumb Code     0  libinit2.o(.ARM.Collect$$libinit$$0000001D)
    __rt_lib_init_stdio_1                    0x0008016b   Thumb Code     0  libinit2.o(.ARM.Collect$$libinit$$00000025)
    __rt_lib_init_user_alloc_1               0x0008016b   Thumb Code     0  libinit2.o(.ARM.Collect$$libinit$$0000000C)
    __rt_lib_shutdown                        0x0008016d   Thumb Code     0  libshutdown.o(.ARM.Collect$$libshutdown$$00000000)
    __rt_lib_shutdown_cpp_1                  0x0008016f   Thumb Code     0  libshutdown2.o(.ARM.Collect$$libshutdown$$00000002)
    __rt_lib_shutdown_fp_trap_1              0x0008016f   Thumb Code     0  libshutdown2.o(.ARM.Collect$$libshutdown$$00000007)
    __rt_lib_shutdown_heap_1                 0x0008016f   Thumb Code     0  libshutdown2.o(.ARM.Collect$$libshutdown$$0000000F)
    __rt_lib_shutdown_return                 0x0008016f   Thumb Code     0  libshutdown2.o(.ARM.Collect$$libshutdown$$00000010)
    __rt_lib_shutdown_signal_1               0x0008016f   Thumb Code     0  libshutdown2.o(.ARM.Collect$$libshutdown$$0000000A)
    __rt_lib_shutdown_stdio_1                0x0008016f   Thumb Code     0  libshutdown2.o(.ARM.Collect$$libshutdown$$00000004)
    __rt_lib_shutdown_user_alloc_1           0x0008016f   Thumb Code     0  libshutdown2.o(.ARM.Collect$$libshutdown$$0000000C)
    __rt_entry                               0x00080171   Thumb Code     0  __rtentry.o(.ARM.Collect$$rtentry$$00000000)
    __rt_entry_presh_1                       0x00080171   Thumb Code     0  __rtentry2.o(.ARM.Collect$$rtentry$$00000002)
    __rt_entry_sh                            0x00080171   Thumb Code     0  __rtentry4.o(.ARM.Collect$$rtentry$$00000004)
    __rt_entry_li                            0x00080177   Thumb Code     0  __rtentry2.o(.ARM.Collect$$rtentry$$0000000A)
    __rt_entry_postsh_1                      0x00080177   Thumb Code     0  __rtentry2.o(.ARM.Collect$$rtentry$$00000009)
    __rt_entry_postli_1                      0x0008017b   Thumb Code     0  __rtentry2.o(.ARM.Collect$$rtentry$$0000000B)
    __rt_entry_main                          0x00080183   Thumb Code     0  __rtentry2.o(.ARM.Collect$$rtentry$$0000000D)
    __rt_exit                                0x0008018b   Thumb Code     0  rtexit.o(.ARM.Collect$$rtexit$$00000000)
    __rt_exit_ls                             0x0008018d   Thumb Code     0  rtexit2.o(.ARM.Collect$$rtexit$$00000003)
    __rt_exit_prels_1                        0x0008018d   Thumb Code     0  rtexit2.o(.ARM.Collect$$rtexit$$00000002)
    __rt_exit_exit                           0x00080191   Thumb Code     0  rtexit2.o(.ARM.Collect$$rtexit$$00000004)
    _platform_post_lib_init                  0x00080199   Thumb Code    24  rtx_conf_cm.o(.emb_text)
    rt_set_PSP                               0x000801b5   Thumb Code     6  hal_cm3.o(.emb_text)
    rt_get_PSP                               0x000801bb   Thumb Code     6  hal_cm3.o(.emb_text)
    os_set_env                               0x000801c1   Thumb Code    24  hal_cm3.o(.emb_text)
    _alloc_box                               0x000801dd   Thumb Code    28  hal_cm3.o(.emb_text)
    _free_box                                0x000801fd   Thumb Code    28  hal_cm3.o(.emb_text)
    SVC_Handler                              0x0008021d   Thumb Code   108  hal_cm3.o(.emb_text)
    PendSV_Handler                           0x00080295   Thumb Code    56  hal_cm3.o(.emb_text)
    SysTick_Handler                          0x000802d1   Thumb Code     8  hal_cm3.o(.emb_text)
    OS_Tick_Handler                          0x000802d9   Thumb Code    12  hal_cm3.o(.emb_text)
    Reset_Handler                            0x000802e5   Thumb Code     8  startup_sam3xa.o(.text)
    NMI_Handler                              0x000802ed   Thumb Code     2  startup_sam3xa.o(.text)
    HardFault_Handler                        0x000802ef   Thumb Code     2  startup_sam3xa.o(.text)
    MemManage_Handler                        0x000802f1   Thumb Code     2  startup_sam3xa.o(.text)
    BusFault_Handler                         0x000802f3   Thumb Code     2  startup_sam3xa.o(.text)
    UsageFault_Handler                       0x000802f5   Thumb Code     2  startup_sam3xa.o(.text)
    DebugMon_Handler                         0x000802f9   Thumb Code     2  startup_sam3xa.o(.text)
    ADC_IRQHandler                           0x000802ff   Thumb Code     0  startup_sam3xa.o(.text)
    CAN0_IRQHandler                          0x000802ff   Thumb Code     0  startup_sam3xa.o(.text)
    CAN1_IRQHandler                          0x000802ff   Thumb Code     0  startup_sam3xa.o(.text)
    DACC_IRQHandler                          0x000802ff   Thumb Code     0  startup_sam3xa.o(.text)
    DMAC_IRQHandler                          0x000802ff   Thumb Code     0  startup_sam3xa.o(.text)
    EFC0_IRQHandler                          0x000802ff   Thumb Code     0  startup_sam3xa.o(.text)
    EFC1_IRQHandler                          0x000802ff   Thumb Code     0  startup_sam3xa.o(.text)
    EMAC_IRQHandler                          0x000802ff   Thumb Code     0  startup_sam3xa.o(.text)
    HSMCI_IRQHandler                         0x000802ff   Thumb Code     0  startup_sam3xa.o(.text)
    PIOA_IRQHandler                          0x000802ff   Thumb Code     0  startup_sam3xa.o(.text)
    PIOB_IRQHandler                          0x000802ff   Thumb Code     0  startup_sam3xa.o(.text)
    PIOC_IRQHandler                          0x000802ff   Thumb Code     0  startup_sam3xa.o(.text)
    PIOD_IRQHandler                          0x000802ff   Thumb Code     0  startup_sam3xa.o(.text)
    PIOE_IRQHandler                          0x000802ff   Thumb Code     0  startup_sam3xa.o(.text)
    PIOF_IRQHandler                          0x000802ff   Thumb Code     0  startup_sam3xa.o(.text)
    PMC_IRQHandler                           0x000802ff   Thumb Code     0  startup_sam3xa.o(.text)
    PWM_IRQHandler                           0x000802ff   Thumb Code     0  startup_sam3xa.o(.text)
    RSTC_IRQHandler                          0x000802ff   Thumb Code     0  startup_sam3xa.o(.text)
    RTC_IRQHandler                           0x000802ff   Thumb Code     0  startup_sam3xa.o(.text)
    RTT_IRQHandler                           0x000802ff   Thumb Code     0  startup_sam3xa.o(.text)
    SDRAMC_IRQHandler                        0x000802ff   Thumb Code     0  startup_sam3xa.o(.text)
    SMC_IRQHandler                           0x000802ff   Thumb Code     0  startup_sam3xa.o(.text)
    SPI0_IRQHandler                          0x000802ff   Thumb Code     0  startup_sam3xa.o(.text)
    SPI1_IRQHandler                          0x000802ff   Thumb Code     0  startup_sam3xa.o(.text)
    SSC_IRQHandler                           0x000802ff   Thumb Code     0  startup_sam3xa.o(.text)
    SUPC_IRQHandler                          0x000802ff   Thumb Code     0  startup_sam3xa.o(.text)
    TC0_IRQHandler                           0x000802ff   Thumb Code     0  startup_sam3xa.o(.text)
    TC1_IRQHandler                           0x000802ff   Thumb Code     0  startup_sam3xa.o(.text)
    TC2_IRQHandler                           0x000802ff   Thumb Code     0  startup_sam3xa.o(.text)
    TC3_IRQHandler                           0x000802ff   Thumb Code     0  startup_sam3xa.o(.text)
    TC4_IRQHandler                           0x000802ff   Thumb Code     0  startup_sam3xa.o(.text)
    TC5_IRQHandler                           0x000802ff   Thumb Code     0  startup_sam3xa.o(.text)
    TC6_IRQHandler                           0x000802ff   Thumb Code     0  startup_sam3xa.o(.text)
    TC7_IRQHandler                           0x000802ff   Thumb Code     0  startup_sam3xa.o(.text)
    TC8_IRQHandler                           0x000802ff   Thumb Code     0  startup_sam3xa.o(.text)
    TRNG_IRQHandler                          0x000802ff   Thumb Code     0  startup_sam3xa.o(.text)
    TWI0_IRQHandler                          0x000802ff   Thumb Code     0  startup_sam3xa.o(.text)
    TWI1_IRQHandler                          0x000802ff   Thumb Code     0  startup_sam3xa.o(.text)
    UART_IRQHandler                          0x000802ff   Thumb Code     0  startup_sam3xa.o(.text)
    UOTGHS_IRQHandler                        0x000802ff   Thumb Code     0  startup_sam3xa.o(.text)
    USART0_IRQHandler                        0x000802ff   Thumb Code     0  startup_sam3xa.o(.text)
    USART1_IRQHandler                        0x000802ff   Thumb Code     0  startup_sam3xa.o(.text)
    USART2_IRQHandler                        0x000802ff   Thumb Code     0  startup_sam3xa.o(.text)
    USART3_IRQHandler                        0x000802ff   Thumb Code     0  startup_sam3xa.o(.text)
    WDT_IRQHandler                           0x000802ff   Thumb Code     0  startup_sam3xa.o(.text)
    __user_initial_stackheap                 0x00080301   Thumb Code     0  startup_sam3xa.o(.text)
    __user_libspace                          0x00080325   Thumb Code     8  libspace.o(.text)
    __user_perproc_libspace                  0x00080325   Thumb Code     0  libspace.o(.text)
    exit                                     0x0008032d   Thumb Code    18  exit.o(.text)
    __use_two_region_memory                  0x0008033f   Thumb Code     2  heapauxi.o(.text)
    __rt_heap_escrow$2region                 0x00080341   Thumb Code     2  heapauxi.o(.text)
    __rt_heap_expand$2region                 0x00080343   Thumb Code     2  heapauxi.o(.text)
    _sys_exit                                0x00080345   Thumb Code     8  sys_exit.o(.text)
    __user_setup_stackheap                   0x00080351   Thumb Code    74  sys_stackheap_outer.o(.text)
    __I$use$semihosting                      0x0008039b   Thumb Code     0  use_no_semi.o(.text)
    __use_no_semihosting_swi                 0x0008039b   Thumb Code     2  use_no_semi.o(.text)
    SVC_Count                                0x0008039c   Data           4  svc_table.o(SVC_TABLE)
    __semihosting_library_function           0x0008039d   Thumb Code     0  indicate_semi.o(.text)
    SVC_Table                                0x000803a0   Data           0  svc_table.o(SVC_TABLE)
    SystemInit                               0x000803a1   Thumb Code   182  system_sam3xa.o(i.SystemInit)
    _init_box                                0x00080475   Thumb Code    70  rt_membox.o(i._init_box)
    _mutex_acquire                           0x000804bd   Thumb Code    22  rtx_conf_cm.o(i._mutex_acquire)
    _mutex_release                           0x000804dd   Thumb Code    18  rtx_conf_cm.o(i._mutex_release)
    dbg_init                                 0x000804f9   Thumb Code    34  hal_cm.o(i.dbg_init)
    dbg_task_notify                          0x00080529   Thumb Code    32  hal_cm.o(i.dbg_task_notify)
    dbg_task_switch                          0x00080549   Thumb Code    16  hal_cm.o(i.dbg_task_switch)
    isrMessageGet                            0x00080559   Thumb Code    42  rt_cmsis.o(i.isrMessageGet)
    isrMessagePut                            0x00080583   Thumb Code    44  rt_cmsis.o(i.isrMessagePut)
    isr_mbx_receive                          0x000805b1   Thumb Code    86  rt_mailbox.o(i.isr_mbx_receive)
    isr_mbx_send                             0x00080607   Thumb Code    14  rt_mailbox.o(i.isr_mbx_send)
    main                                     0x00080615   Thumb Code    26  main.o(i.main)
    osDelay                                  0x00080631   Thumb Code    18  rt_cmsis.o(i.osDelay)
    osKernelInitialize                       0x00080649   Thumb Code    30  rt_cmsis.o(i.osKernelInitialize)
    osKernelStart                            0x0008066d   Thumb Code    98  rt_cmsis.o(i.osKernelStart)
    osMessageGet                             0x000806d9   Thumb Code    18  rt_cmsis.o(i.osMessageGet)
    osThreadCreate                           0x000806f1   Thumb Code    36  rt_cmsis.o(i.osThreadCreate)
    osThreadExit                             0x0008071d   Thumb Code    14  rt_cmsis.o(i.osThreadExit)
    osTimerCall                              0x00080735   Thumb Code     8  rt_cmsis.o(i.osTimerCall)
    osTimerThread                            0x00080741   Thumb Code    38  rt_cmsis.o(i.osTimerThread)
    os_error                                 0x0008076d   Thumb Code    34  rtx_conf_cm.o(i.os_error)
    os_idle_demon                            0x0008078f   Thumb Code     8  rtx_conf_cm.o(i.os_idle_demon)
    os_tick_init                             0x00080799   Thumb Code    32  rt_system.o(i.os_tick_init)
    os_tick_irqack                           0x000807c1   Thumb Code     2  rt_system.o(i.os_tick_irqack)
    postKernelInit                           0x000807c5   Thumb Code     8  task.o(i.postKernelInit)
    preKernelInit                            0x000807d1   Thumb Code     8  task.o(i.preKernelInit)
    rt_alloc_box                             0x000807dd   Thumb Code    26  rt_membox.o(i.rt_alloc_box)
    rt_alloc_mem                             0x000807f7   Thumb Code    62  rt_memory.o(i.rt_alloc_mem)
    rt_block                                 0x00080835   Thumb Code    48  rt_task.o(i.rt_block)
    rt_chk_robin                             0x0008086d   Thumb Code    60  rt_robin.o(i.rt_chk_robin)
    rt_dec_dly                               0x000808b5   Thumb Code   102  rt_list.o(i.rt_dec_dly)
    rt_dispatch                              0x00080925   Thumb Code    60  rt_task.o(i.rt_dispatch)
    rt_dly_wait                              0x00080969   Thumb Code     6  rt_time.o(i.rt_dly_wait)
    rt_evt_psh                               0x00080971   Thumb Code    76  rt_event.o(i.rt_evt_psh)
    rt_free_box                              0x000809c1   Thumb Code    44  rt_membox.o(i.rt_free_box)
    rt_free_mem                              0x000809ed   Thumb Code    40  rt_memory.o(i.rt_free_mem)
    rt_get_first                             0x00080a15   Thumb Code    40  rt_list.o(i.rt_get_first)
    rt_init_mem                              0x00080a8d   Thumb Code    26  rt_memory.o(i.rt_init_mem)
    rt_init_robin                            0x00080aa9   Thumb Code    14  rt_robin.o(i.rt_init_robin)
    rt_init_stack                            0x00080ac1   Thumb Code   118  hal_cm.o(i.rt_init_stack)
    rt_mbx_check                             0x00080b41   Thumb Code     8  rt_mailbox.o(i.rt_mbx_check)
    rt_mbx_init                              0x00080b49   Thumb Code    26  rt_mailbox.o(i.rt_mbx_init)
    rt_mbx_psh                               0x00080b65   Thumb Code   236  rt_mailbox.o(i.rt_mbx_psh)
    rt_mbx_wait                              0x00080c55   Thumb Code   174  rt_mailbox.o(i.rt_mbx_wait)
    rt_mut_release                           0x00080d4d   Thumb Code   208  rt_mutex.o(i.rt_mut_release)
    rt_mut_wait                              0x00080e25   Thumb Code   114  rt_mutex.o(i.rt_mut_wait)
    rt_pop_req                               0x00080e9d   Thumb Code   112  rt_system.o(i.rt_pop_req)
    rt_psh_req                               0x00080f19   Thumb Code    22  rt_system.o(i.rt_psh_req)
    rt_psq_enq                               0x00080f39   Thumb Code    88  rt_list.o(i.rt_psq_enq)
    rt_put_dly                               0x00080f95   Thumb Code    68  rt_list.o(i.rt_put_dly)
    rt_put_prio                              0x00080fdd   Thumb Code    54  rt_list.o(i.rt_put_prio)
    rt_put_rdy_first                         0x00081015   Thumb Code    14  rt_list.o(i.rt_put_rdy_first)
    rt_resort_prio                           0x00081029   Thumb Code    46  rt_list.o(i.rt_resort_prio)
    rt_ret_val                               0x0008105d   Thumb Code     6  hal_cm.o(i.rt_ret_val)
    rt_ret_val2                              0x00081063   Thumb Code     8  hal_cm.o(i.rt_ret_val2)
    rt_rmv_dly                               0x0008106b   Thumb Code    40  rt_list.o(i.rt_rmv_dly)
    rt_rmv_list                              0x00081095   Thumb Code    44  rt_list.o(i.rt_rmv_list)
    rt_sem_psh                               0x000810c5   Thumb Code    48  rt_semaphore.o(i.rt_sem_psh)
    rt_stk_check                             0x000810f9   Thumb Code    28  rt_system.o(i.rt_stk_check)
    rt_switch_req                            0x0008111d   Thumb Code    30  rt_task.o(i.rt_switch_req)
    rt_sys_init                              0x00081145   Thumb Code   138  rt_task.o(i.rt_sys_init)
    rt_sys_start                             0x00081211   Thumb Code   110  rt_task.o(i.rt_sys_start)
    rt_systick                               0x00081289   Thumb Code    50  rt_system.o(i.rt_systick)
    rt_tsk_create                            0x00081311   Thumb Code   118  rt_task.o(i.rt_tsk_create)
    rt_tsk_delete                            0x00081399   Thumb Code   352  rt_task.o(i.rt_tsk_delete)
    rt_tsk_prio                              0x00081515   Thumb Code   108  rt_task.o(i.rt_tsk_prio)
    rt_tsk_self                              0x00081591   Thumb Code    12  rt_task.o(i.rt_tsk_self)
    svcDelay                                 0x000815a1   Thumb Code    18  rt_cmsis.o(i.svcDelay)
    svcKernelInitialize                      0x000815b5   Thumb Code    80  rt_cmsis.o(i.svcKernelInitialize)
    svcKernelStart                           0x00081625   Thumb Code    62  rt_cmsis.o(i.svcKernelStart)
    svcMessageCreate                         0x0008166d   Thumb Code    36  rt_cmsis.o(i.svcMessageCreate)
    svcMessageGet                            0x00081691   Thumb Code    58  rt_cmsis.o(i.svcMessageGet)
    svcThreadCreate                          0x000816cd   Thumb Code    96  rt_cmsis.o(i.svcThreadCreate)
    svcThreadGetId                           0x00081739   Thumb Code    22  rt_cmsis.o(i.svcThreadGetId)
    svcThreadTerminate                       0x00081755   Thumb Code    50  rt_cmsis.o(i.svcThreadTerminate)
    svcTimerCall                             0x0008178d   Thumb Code    24  rt_cmsis.o(i.svcTimerCall)
    sysTimerTick                             0x000817a5   Thumb Code    84  rt_cmsis.o(i.sysTimerTick)
    thread_1000x                             0x00081801   Thumb Code    24  task.o(i.thread_1000x)
    thread_100x                              0x0008181d   Thumb Code    22  task.o(i.thread_100x)
    thread_10x                               0x00081839   Thumb Code    22  task.o(i.thread_10x)
    thread_200x                              0x00081855   Thumb Code    22  task.o(i.thread_200x)
    thread_20x                               0x00081871   Thumb Code    22  task.o(i.thread_20x)
    thread_500x                              0x0008188d   Thumb Code    24  task.o(i.thread_500x)
    thread_50x                               0x000818a9   Thumb Code    22  task.o(i.thread_50x)
    thread_bg                                0x000818c5   Thumb Code    12  task.o(i.thread_bg)
    thread_init                              0x000818d5   Thumb Code   160  task.o(i.thread_init)
    os_thread_def_thread_10x                 0x000819b4   Data          16  task.o(.constdata)
    os_thread_def_thread_20x                 0x000819c4   Data          16  task.o(.constdata)
    os_thread_def_thread_50x                 0x000819d4   Data          16  task.o(.constdata)
    os_thread_def_thread_100x                0x000819e4   Data          16  task.o(.constdata)
    os_thread_def_thread_200x                0x000819f4   Data          16  task.o(.constdata)
    os_thread_def_thread_500x                0x00081a04   Data          16  task.o(.constdata)
    os_thread_def_thread_1000x               0x00081a14   Data          16  task.o(.constdata)
    os_maxtaskrun                            0x00081a24   Data           2  rtx_conf_cm.o(.constdata)
    os_stackinfo                             0x00081a28   Data           4  rtx_conf_cm.o(.constdata)
    os_rrobin                                0x00081a2c   Data           4  rtx_conf_cm.o(.constdata)
    os_tickfreq                              0x00081a30   Data           4  rtx_conf_cm.o(.constdata)
    os_tickus_i                              0x00081a34   Data           2  rtx_conf_cm.o(.constdata)
    os_tickus_f                              0x00081a36   Data           2  rtx_conf_cm.o(.constdata)
    os_trv                                   0x00081a38   Data           4  rtx_conf_cm.o(.constdata)
    os_flags                                 0x00081a3c   Data           1  rtx_conf_cm.o(.constdata)
    CMSIS_RTOS_API_Version                   0x00081a40   Data           4  rtx_conf_cm.o(.constdata)
    CMSIS_RTOS_RTX_Version                   0x00081a44   Data           4  rtx_conf_cm.o(.constdata)
    os_clockrate                             0x00081a48   Data           4  rtx_conf_cm.o(.constdata)
    os_timernum                              0x00081a4c   Data           4  rtx_conf_cm.o(.constdata)
    mp_tcb_size                              0x00081a50   Data           2  rtx_conf_cm.o(.constdata)
    mp_stk_size                              0x00081a54   Data           4  rtx_conf_cm.o(.constdata)
    os_stack_sz                              0x00081a58   Data           4  rtx_conf_cm.o(.constdata)
    os_fifo_size                             0x00081a5c   Data           1  rtx_conf_cm.o(.constdata)
    os_thread_def_osTimerThread              0x00081a60   Data          16  rtx_conf_cm.o(.constdata)
    os_messageQ_def_osTimerMessageQ          0x00081a70   Data           8  rtx_conf_cm.o(.constdata)
    mp_tmr_size                              0x00081a78   Data           2  rtx_conf_cm.o(.constdata)
    os_thread_def_main                       0x00081a7c   Data          16  rtx_conf_cm.o(.constdata)
    Region$$Table$$Base                      0x00081a8c   Number         0  anon$$obj.o(Region$$Table)
    Region$$Table$$Limit                     0x00081aac   Number         0  anon$$obj.o(Region$$Table)
    threadID_10x                             0x20000000   Data           4  task.o(.data)
    threadID_20x                             0x20000004   Data           4  task.o(.data)
    threadID_50x                             0x20000008   Data           4  task.o(.data)
    threadID_100x                            0x2000000c   Data           4  task.o(.data)
    threadID_200x                            0x20000010   Data           4  task.o(.data)
    threadID_500x                            0x20000014   Data           4  task.o(.data)
    threadID_1000x                           0x20000018   Data           4  task.o(.data)
    thread_init_count                        0x2000001c   Data           4  task.o(.data)
    thread_10x_count                         0x20000020   Data           4  task.o(.data)
    thread_20x_count                         0x20000024   Data           4  task.o(.data)
    thread_50x_count                         0x20000028   Data           4  task.o(.data)
    thread_100x_count                        0x2000002c   Data           4  task.o(.data)
    thread_200x_count                        0x20000030   Data           4  task.o(.data)
    thread_500x_count                        0x20000034   Data           4  task.o(.data)
    thread_1000x_count                       0x20000038   Data           4  task.o(.data)
    thread_bg_count                          0x2000003c   Data           4  task.o(.data)
    prekernelinit_run                        0x20000040   Data           1  task.o(.data)
    postkernelinit_run                       0x20000041   Data           1  task.o(.data)
    threadinit_fail                          0x20000042   Data           1  task.o(.data)
    osThreadId_osTimerThread                 0x20000044   Data           4  rtx_conf_cm.o(.data)
    osMessageQId_osTimerMessageQ             0x20000048   Data           4  rtx_conf_cm.o(.data)
    os_tmr                                   0x2000004c   Data           4  rtx_conf_cm.o(.data)
    m_tmr                                    0x20000050   Data           4  rtx_conf_cm.o(.data)
    os_initialized                           0x20000058   Data           1  rt_cmsis.o(.data)
    os_running                               0x20000059   Data           1  rt_cmsis.o(.data)
    os_timer_head                            0x2000005c   Data           4  rt_cmsis.o(.data)
    os_tsk                                   0x20000060   Data           8  rt_task.o(.data)
    os_tick_irqn                             0x2000006c   Data           4  rt_system.o(.data)
    os_time                                  0x20000070   Data           4  rt_time.o(.data)
    os_robin                                 0x20000074   Data           8  rt_robin.o(.data)
    dbg_msg                                  0x2000007c   Data           1  hal_cm.o(.data)
    mp_tcb                                   0x20000080   Data         584  rtx_conf_cm.o(.bss)
    mp_stk                                   0x200002c8   Data        4016  rtx_conf_cm.o(.bss)
    os_stack_mem                             0x20001278   Data         432  rtx_conf_cm.o(.bss)
    os_fifo                                  0x20001428   Data         132  rtx_conf_cm.o(.bss)
    os_active_TCB                            0x200014ac   Data          44  rtx_conf_cm.o(.bss)
    os_messageQ_q_osTimerMessageQ            0x200014d8   Data          32  rtx_conf_cm.o(.bss)
    os_idle_TCB                              0x20001998   Data          52  rt_task.o(.bss)
    os_rdy                                   0x200019cc   Data          24  rt_list.o(.bss)
    os_dly                                   0x200019e4   Data          24  rt_list.o(.bss)
    __libspace_start                         0x200019fc   Data          96  libspace.o(.bss)
    __temporary_stack_top$libspace           0x20001a5c   Data           0  libspace.o(.bss)



==============================================================================

Memory Map of the image

  Image Entry point : 0x000802e5

  Load Region LR_1 (Base: 0x00080000, Size: 0x00001b2c, Max: 0xffffffff, ABSOLUTE)

    Execution Region ER_RO (Base: 0x00080000, Size: 0x00001aac, Max: 0xffffffff, ABSOLUTE)

    Base Addr    Size         Type   Attr      Idx    E Section Name        Object

    0x00080000   0x000000f4   Data   RO          178    RESET               startup_sam3xa.o
    0x000800f4   0x00000008   Code   RO         1655  * !!!main             c_w.l(__main.o)
    0x000800fc   0x00000034   Code   RO         1816    !!!scatter          c_w.l(__scatter.o)
    0x00080130   0x0000001a   Code   RO         1818    !!handler_copy      c_w.l(__scatter_copy.o)
    0x0008014a   0x00000002   PAD
    0x0008014c   0x0000001c   Code   RO         1820    !!handler_zi        c_w.l(__scatter_zi.o)
    0x00080168   0x00000002   Code   RO         1702    .ARM.Collect$$libinit$$00000000  c_w.l(libinit.o)
    0x0008016a   0x00000000   Code   RO         1714    .ARM.Collect$$libinit$$00000002  c_w.l(libinit2.o)
    0x0008016a   0x00000000   Code   RO         1716    .ARM.Collect$$libinit$$00000004  c_w.l(libinit2.o)
    0x0008016a   0x00000000   Code   RO         1719    .ARM.Collect$$libinit$$0000000A  c_w.l(libinit2.o)
    0x0008016a   0x00000000   Code   RO         1721    .ARM.Collect$$libinit$$0000000C  c_w.l(libinit2.o)
    0x0008016a   0x00000000   Code   RO         1723    .ARM.Collect$$libinit$$0000000E  c_w.l(libinit2.o)
    0x0008016a   0x00000000   Code   RO         1726    .ARM.Collect$$libinit$$00000011  c_w.l(libinit2.o)
    0x0008016a   0x00000000   Code   RO         1728    .ARM.Collect$$libinit$$00000013  c_w.l(libinit2.o)
    0x0008016a   0x00000000   Code   RO         1730    .ARM.Collect$$libinit$$00000015  c_w.l(libinit2.o)
    0x0008016a   0x00000000   Code   RO         1732    .ARM.Collect$$libinit$$00000017  c_w.l(libinit2.o)
    0x0008016a   0x00000000   Code   RO         1734    .ARM.Collect$$libinit$$00000019  c_w.l(libinit2.o)
    0x0008016a   0x00000000   Code   RO         1736    .ARM.Collect$$libinit$$0000001B  c_w.l(libinit2.o)
    0x0008016a   0x00000000   Code   RO         1738    .ARM.Collect$$libinit$$0000001D  c_w.l(libinit2.o)
    0x0008016a   0x00000000   Code   RO         1740    .ARM.Collect$$libinit$$0000001F  c_w.l(libinit2.o)
    0x0008016a   0x00000000   Code   RO         1742    .ARM.Collect$$libinit$$00000021  c_w.l(libinit2.o)
    0x0008016a   0x00000000   Code   RO         1744    .ARM.Collect$$libinit$$00000023  c_w.l(libinit2.o)
    0x0008016a   0x00000000   Code   RO         1746    .ARM.Collect$$libinit$$00000025  c_w.l(libinit2.o)
    0x0008016a   0x00000000   Code   RO         1750    .ARM.Collect$$libinit$$0000002C  c_w.l(libinit2.o)
    0x0008016a   0x00000000   Code   RO         1752    .ARM.Collect$$libinit$$0000002E  c_w.l(libinit2.o)
    0x0008016a   0x00000000   Code   RO         1754    .ARM.Collect$$libinit$$00000030  c_w.l(libinit2.o)
    0x0008016a   0x00000000   Code   RO         1756    .ARM.Collect$$libinit$$00000032  c_w.l(libinit2.o)
    0x0008016a   0x00000002   Code   RO         1757    .ARM.Collect$$libinit$$00000033  c_w.l(libinit2.o)
    0x0008016c   0x00000002   Code   RO         1703    .ARM.Collect$$libshutdown$$00000000  c_w.l(libshutdown.o)
    0x0008016e   0x00000000   Code   RO         1759    .ARM.Collect$$libshutdown$$00000002  c_w.l(libshutdown2.o)
    0x0008016e   0x00000000   Code   RO         1761    .ARM.Collect$$libshutdown$$00000004  c_w.l(libshutdown2.o)
    0x0008016e   0x00000000   Code   RO         1764    .ARM.Collect$$libshutdown$$00000007  c_w.l(libshutdown2.o)
    0x0008016e   0x00000000   Code   RO         1767    .ARM.Collect$$libshutdown$$0000000A  c_w.l(libshutdown2.o)
    0x0008016e   0x00000000   Code   RO         1769    .ARM.Collect$$libshutdown$$0000000C  c_w.l(libshutdown2.o)
    0x0008016e   0x00000000   Code   RO         1772    .ARM.Collect$$libshutdown$$0000000F  c_w.l(libshutdown2.o)
    0x0008016e   0x00000002   Code   RO         1773    .ARM.Collect$$libshutdown$$00000010  c_w.l(libshutdown2.o)
    0x00080170   0x00000000   Code   RO         1657    .ARM.Collect$$rtentry$$00000000  c_w.l(__rtentry.o)
    0x00080170   0x00000000   Code   RO         1665    .ARM.Collect$$rtentry$$00000002  c_w.l(__rtentry2.o)
    0x00080170   0x00000006   Code   RO         1677    .ARM.Collect$$rtentry$$00000004  c_w.l(__rtentry4.o)
    0x00080176   0x00000000   Code   RO         1667    .ARM.Collect$$rtentry$$00000009  c_w.l(__rtentry2.o)
    0x00080176   0x00000004   Code   RO         1668    .ARM.Collect$$rtentry$$0000000A  c_w.l(__rtentry2.o)
    0x0008017a   0x00000008   Code   RO         1669    .ARM.Collect$$rtentry$$0000000B  c_w.l(__rtentry2.o)
    0x00080182   0x00000008   Code   RO         1671    .ARM.Collect$$rtentry$$0000000D  c_w.l(__rtentry2.o)
    0x0008018a   0x00000002   Code   RO         1658    .ARM.Collect$$rtexit$$00000000  c_w.l(rtexit.o)
    0x0008018c   0x00000000   Code   RO         1680    .ARM.Collect$$rtexit$$00000002  c_w.l(rtexit2.o)
    0x0008018c   0x00000004   Code   RO         1681    .ARM.Collect$$rtexit$$00000003  c_w.l(rtexit2.o)
    0x00080190   0x00000006   Code   RO         1682    .ARM.Collect$$rtexit$$00000004  c_w.l(rtexit2.o)
    0x00080196   0x00000002   PAD
    0x00080198   0x0000001c   Code   RO          114    .emb_text           rtx_conf_cm.o
    0x000801b4   0x00000130   Code   RO         1631    .emb_text           RTX_CM3.lib(hal_cm3.o)
    0x000802e4   0x00000040   Code   RO          179  * .text               startup_sam3xa.o
    0x00080324   0x00000008   Code   RO         1646    .text               c_w.l(libspace.o)
    0x0008032c   0x00000012   Code   RO         1651    .text               c_w.l(exit.o)
    0x0008033e   0x00000006   Code   RO         1653    .text               c_w.l(heapauxi.o)
    0x00080344   0x0000000c   Code   RO         1688    .text               c_w.l(sys_exit.o)
    0x00080350   0x0000004a   Code   RO         1690    .text               c_w.l(sys_stackheap_outer.o)
    0x0008039a   0x00000002   Code   RO         1704    .text               c_w.l(use_no_semi.o)
    0x0008039c   0x00000000   Code   RO         1706    .text               c_w.l(indicate_semi.o)
    0x0008039c   0x00000004   Code   RO         1641    SVC_TABLE           RTX_CM3.lib(svc_table.o)
    0x000803a0   0x000000d4   Code   RO          187    i.SystemInit        system_sam3xa.o
    0x00080474   0x00000046   Code   RO         1530    i._init_box         RTX_CM3.lib(rt_membox.o)
    0x000804ba   0x00000002   PAD
    0x000804bc   0x00000020   Code   RO          116    i._mutex_acquire    rtx_conf_cm.o
    0x000804dc   0x0000001c   Code   RO          118    i._mutex_release    rtx_conf_cm.o
    0x000804f8   0x00000030   Code   RO         1583    i.dbg_init          RTX_CM3.lib(hal_cm.o)
    0x00080528   0x00000020   Code   RO         1584    i.dbg_task_notify   RTX_CM3.lib(hal_cm.o)
    0x00080548   0x00000010   Code   RO         1585    i.dbg_task_switch   RTX_CM3.lib(hal_cm.o)
    0x00080558   0x0000002a   Code   RO          439    i.isrMessageGet     RTX_CM3.lib(rt_cmsis.o)
    0x00080582   0x0000002c   Code   RO          440    i.isrMessagePut     RTX_CM3.lib(rt_cmsis.o)
    0x000805ae   0x00000002   PAD
    0x000805b0   0x00000056   Code   RO         1385    i.isr_mbx_receive   RTX_CM3.lib(rt_mailbox.o)
    0x00080606   0x0000000e   Code   RO         1386    i.isr_mbx_send      RTX_CM3.lib(rt_mailbox.o)
    0x00080614   0x0000001a   Code   RO            1    i.main              main.o
    0x0008062e   0x00000002   PAD
    0x00080630   0x00000018   Code   RO          443    i.osDelay           RTX_CM3.lib(rt_cmsis.o)
    0x00080648   0x00000024   Code   RO          444    i.osKernelInitialize  RTX_CM3.lib(rt_cmsis.o)
    0x0008066c   0x0000006c   Code   RO          446    i.osKernelStart     RTX_CM3.lib(rt_cmsis.o)
    0x000806d8   0x00000018   Code   RO          455    i.osMessageGet      RTX_CM3.lib(rt_cmsis.o)
    0x000806f0   0x0000002c   Code   RO          472    i.osThreadCreate    RTX_CM3.lib(rt_cmsis.o)
    0x0008071c   0x00000018   Code   RO          473    i.osThreadExit      RTX_CM3.lib(rt_cmsis.o)
    0x00080734   0x0000000c   Code   RO          479    i.osTimerCall       RTX_CM3.lib(rt_cmsis.o)
    0x00080740   0x0000002c   Code   RO          484    i.osTimerThread     RTX_CM3.lib(rt_cmsis.o)
    0x0008076c   0x00000022   Code   RO          119    i.os_error          rtx_conf_cm.o
    0x0008078e   0x00000008   Code   RO          120    i.os_idle_demon     rtx_conf_cm.o
    0x00080796   0x00000002   PAD
    0x00080798   0x00000028   Code   RO         1177    i.os_tick_init      RTX_CM3.lib(rt_system.o)
    0x000807c0   0x00000002   Code   RO         1178    i.os_tick_irqack    RTX_CM3.lib(rt_system.o)
    0x000807c2   0x00000002   PAD
    0x000807c4   0x0000000c   Code   RO           38    i.postKernelInit    task.o
    0x000807d0   0x0000000c   Code   RO           39    i.preKernelInit     task.o
    0x000807dc   0x0000001a   Code   RO         1531    i.rt_alloc_box      RTX_CM3.lib(rt_membox.o)
    0x000807f6   0x0000003e   Code   RO         1559    i.rt_alloc_mem      RTX_CM3.lib(rt_memory.o)
    0x00080834   0x00000038   Code   RO         1058    i.rt_block          RTX_CM3.lib(rt_task.o)
    0x0008086c   0x00000048   Code   RO         1508    i.rt_chk_robin      RTX_CM3.lib(rt_robin.o)
    0x000808b4   0x00000070   Code   RO         1309    i.rt_dec_dly        RTX_CM3.lib(rt_list.o)
    0x00080924   0x00000044   Code   RO         1059    i.rt_dispatch       RTX_CM3.lib(rt_task.o)
    0x00080968   0x00000006   Code   RO         1475    i.rt_dly_wait       RTX_CM3.lib(rt_time.o)
    0x0008096e   0x00000002   PAD
    0x00080970   0x00000050   Code   RO         1270    i.rt_evt_psh        RTX_CM3.lib(rt_event.o)
    0x000809c0   0x0000002c   Code   RO         1532    i.rt_free_box       RTX_CM3.lib(rt_membox.o)
    0x000809ec   0x00000028   Code   RO         1560    i.rt_free_mem       RTX_CM3.lib(rt_memory.o)
    0x00080a14   0x00000028   Code   RO         1310    i.rt_get_first      RTX_CM3.lib(rt_list.o)
    0x00080a3c   0x00000008   Code   RO          489    i.rt_id2obj         RTX_CM3.lib(rt_cmsis.o)
    0x00080a44   0x00000048   Code   RO         1060    i.rt_init_context   RTX_CM3.lib(rt_task.o)
    0x00080a8c   0x0000001a   Code   RO         1561    i.rt_init_mem       RTX_CM3.lib(rt_memory.o)
    0x00080aa6   0x00000002   PAD
    0x00080aa8   0x00000018   Code   RO         1509    i.rt_init_robin     RTX_CM3.lib(rt_robin.o)
    0x00080ac0   0x00000080   Code   RO         1586    i.rt_init_stack     RTX_CM3.lib(hal_cm.o)
    0x00080b40   0x00000008   Code   RO         1387    i.rt_mbx_check      RTX_CM3.lib(rt_mailbox.o)
    0x00080b48   0x0000001a   Code   RO         1388    i.rt_mbx_init       RTX_CM3.lib(rt_mailbox.o)
    0x00080b62   0x00000002   PAD
    0x00080b64   0x000000f0   Code   RO         1389    i.rt_mbx_psh        RTX_CM3.lib(rt_mailbox.o)
    0x00080c54   0x000000b4   Code   RO         1391    i.rt_mbx_wait       RTX_CM3.lib(rt_mailbox.o)
    0x00080d08   0x00000044   Code   RO          490    i.rt_ms2tick        RTX_CM3.lib(rt_cmsis.o)
    0x00080d4c   0x000000d8   Code   RO         1144    i.rt_mut_release    RTX_CM3.lib(rt_mutex.o)
    0x00080e24   0x00000078   Code   RO         1145    i.rt_mut_wait       RTX_CM3.lib(rt_mutex.o)
    0x00080e9c   0x0000007c   Code   RO         1181    i.rt_pop_req        RTX_CM3.lib(rt_system.o)
    0x00080f18   0x00000020   Code   RO         1182    i.rt_psh_req        RTX_CM3.lib(rt_system.o)
    0x00080f38   0x0000005c   Code   RO         1312    i.rt_psq_enq        RTX_CM3.lib(rt_list.o)
    0x00080f94   0x00000048   Code   RO         1313    i.rt_put_dly        RTX_CM3.lib(rt_list.o)
    0x00080fdc   0x00000036   Code   RO         1314    i.rt_put_prio       RTX_CM3.lib(rt_list.o)
    0x00081012   0x00000002   PAD
    0x00081014   0x00000014   Code   RO         1315    i.rt_put_rdy_first  RTX_CM3.lib(rt_list.o)
    0x00081028   0x00000034   Code   RO         1316    i.rt_resort_prio    RTX_CM3.lib(rt_list.o)
    0x0008105c   0x00000006   Code   RO         1587    i.rt_ret_val        RTX_CM3.lib(hal_cm.o)
    0x00081062   0x00000008   Code   RO         1588    i.rt_ret_val2       RTX_CM3.lib(hal_cm.o)
    0x0008106a   0x00000028   Code   RO         1317    i.rt_rmv_dly        RTX_CM3.lib(rt_list.o)
    0x00081092   0x00000002   PAD
    0x00081094   0x00000030   Code   RO         1318    i.rt_rmv_list       RTX_CM3.lib(rt_list.o)
    0x000810c4   0x00000034   Code   RO         1436    i.rt_sem_psh        RTX_CM3.lib(rt_semaphore.o)
    0x000810f8   0x00000024   Code   RO         1184    i.rt_stk_check      RTX_CM3.lib(rt_system.o)
    0x0008111c   0x00000028   Code   RO         1061    i.rt_switch_req     RTX_CM3.lib(rt_task.o)
    0x00081144   0x000000cc   Code   RO         1062    i.rt_sys_init       RTX_CM3.lib(rt_task.o)
    0x00081210   0x00000078   Code   RO         1063    i.rt_sys_start      RTX_CM3.lib(rt_task.o)
    0x00081288   0x00000040   Code   RO         1186    i.rt_systick        RTX_CM3.lib(rt_system.o)
    0x000812c8   0x00000012   Code   RO          491    i.rt_tid2ptcb       RTX_CM3.lib(rt_cmsis.o)
    0x000812da   0x00000002   PAD
    0x000812dc   0x00000034   Code   RO          492    i.rt_timer_insert   RTX_CM3.lib(rt_cmsis.o)
    0x00081310   0x00000088   Code   RO         1064    i.rt_tsk_create     RTX_CM3.lib(rt_task.o)
    0x00081398   0x0000017c   Code   RO         1065    i.rt_tsk_delete     RTX_CM3.lib(rt_task.o)
    0x00081514   0x0000007c   Code   RO         1067    i.rt_tsk_prio       RTX_CM3.lib(rt_task.o)
    0x00081590   0x00000010   Code   RO         1068    i.rt_tsk_self       RTX_CM3.lib(rt_task.o)
    0x000815a0   0x00000012   Code   RO          494    i.svcDelay          RTX_CM3.lib(rt_cmsis.o)
    0x000815b2   0x00000002   PAD
    0x000815b4   0x00000070   Code   RO          495    i.svcKernelInitialize  RTX_CM3.lib(rt_cmsis.o)
    0x00081624   0x00000048   Code   RO          497    i.svcKernelStart    RTX_CM3.lib(rt_cmsis.o)
    0x0008166c   0x00000024   Code   RO          500    i.svcMessageCreate  RTX_CM3.lib(rt_cmsis.o)
    0x00081690   0x0000003a   Code   RO          501    i.svcMessageGet     RTX_CM3.lib(rt_cmsis.o)
    0x000816ca   0x00000002   PAD
    0x000816cc   0x0000006c   Code   RO          515    i.svcThreadCreate   RTX_CM3.lib(rt_cmsis.o)
    0x00081738   0x0000001c   Code   RO          516    i.svcThreadGetId    RTX_CM3.lib(rt_cmsis.o)
    0x00081754   0x00000038   Code   RO          519    i.svcThreadTerminate  RTX_CM3.lib(rt_cmsis.o)
    0x0008178c   0x00000018   Code   RO          521    i.svcTimerCall      RTX_CM3.lib(rt_cmsis.o)
    0x000817a4   0x0000005c   Code   RO          530    i.sysTimerTick      RTX_CM3.lib(rt_cmsis.o)
    0x00081800   0x0000001c   Code   RO           40    i.thread_1000x      task.o
    0x0008181c   0x0000001c   Code   RO           41    i.thread_100x       task.o
    0x00081838   0x0000001c   Code   RO           42    i.thread_10x        task.o
    0x00081854   0x0000001c   Code   RO           43    i.thread_200x       task.o
    0x00081870   0x0000001c   Code   RO           44    i.thread_20x        task.o
    0x0008188c   0x0000001c   Code   RO           45    i.thread_500x       task.o
    0x000818a8   0x0000001c   Code   RO           46    i.thread_50x        task.o
    0x000818c4   0x00000010   Code   RO           47    i.thread_bg         task.o
    0x000818d4   0x000000e0   Code   RO           48    i.thread_init       task.o
    0x000819b4   0x00000070   Data   RO           49    .constdata          task.o
    0x00081a24   0x00000068   Data   RO          122    .constdata          rtx_conf_cm.o
    0x00081a8c   0x00000020   Data   RO         1814    Region$$Table       anon$$obj.o


    Execution Region ER_RW (Base: 0x20000000, Size: 0x00000080, Max: 0xffffffff, ABSOLUTE)

    Base Addr    Size         Type   Attr      Idx    E Section Name        Object

    0x20000000   0x00000043   Data   RW           50    .data               task.o
    0x20000043   0x00000001   PAD
    0x20000044   0x00000014   Data   RW          123    .data               rtx_conf_cm.o
    0x20000058   0x00000008   Data   RW          533    .data               RTX_CM3.lib(rt_cmsis.o)
    0x20000060   0x00000008   Data   RW         1070    .data               RTX_CM3.lib(rt_task.o)
    0x20000068   0x00000008   Data   RW         1189    .data               RTX_CM3.lib(rt_system.o)
    0x20000070   0x00000004   Data   RW         1479    .data               RTX_CM3.lib(rt_time.o)
    0x20000074   0x00000008   Data   RW         1510    .data               RTX_CM3.lib(rt_robin.o)
    0x2000007c   0x00000001   Data   RW         1589    .data               RTX_CM3.lib(hal_cm.o)


    Execution Region ER_ZI (Base: 0x20000080, Size: 0x00001de0, Max: 0xffffffff, ABSOLUTE)

    Base Addr    Size         Type   Attr      Idx    E Section Name        Object

    0x20000080   0x00001918   Zero   RW          121    .bss                rtx_conf_cm.o
    0x20001998   0x00000034   Zero   RW         1069    .bss                RTX_CM3.lib(rt_task.o)
    0x200019cc   0x00000030   Zero   RW         1319    .bss                RTX_CM3.lib(rt_list.o)
    0x200019fc   0x00000060   Zero   RW         1647    .bss                c_w.l(libspace.o)
    0x20001a5c   0x00000004   PAD
    0x20001a60   0x00000200   Zero   RW          177    HEAP                startup_sam3xa.o
    0x20001c60   0x00000200   Zero   RW          176    STACK               startup_sam3xa.o


==============================================================================

Image component sizes


      Code (inc. data)   RO Data    RW Data    ZI Data      Debug   Object Name

        26          0          0          0          0       9073   main.o
       130         26        104         20       6424       9447   rtx_conf_cm.o
        64         26        244          0       1024        848   startup_sam3xa.o
       212         30          0          0          0        581   system_sam3xa.o
       460        114        112         67          0       6964   task.o

    ----------------------------------------------------------------------
       896        196        492         88       7448      26913   Object Totals
         0          0         32          0          0          0   (incl. Generated)
         4          0          0          1          0          0   (incl. Padding)

    ----------------------------------------------------------------------

      Code (inc. data)   RO Data    RW Data    ZI Data      Debug   Library Member Name

       238         24          0          1          0       3312   hal_cm.o
       304         36          0          0          0        768   hal_cm3.o
      1152        144          0          8          0      32862   rt_cmsis.o
        80          4          0          0          0        661   rt_event.o
       530         34          0          0         48       8253   rt_list.o
       554         10          0          0          0       3949   rt_mailbox.o
       140          0          0          0          0       1925   rt_membox.o
       128          0          0          0          0       2307   rt_memory.o
       336         14          0          0          0       1643   rt_mutex.o
        96         22          0          8          0       1158   rt_robin.o
        52          4          0          0          0        573   rt_semaphore.o
       298         52          0          8          0       6223   rt_system.o
      1216        174          0          8         52       9649   rt_task.o
         6          0          0          4          0        652   rt_time.o
         4          4          0          0          0        208   svc_table.o
         8          0          0          0          0         68   __main.o
         0          0          0          0          0          0   __rtentry.o
        20          0          0          0          0          0   __rtentry2.o
         6          0          0          0          0          0   __rtentry4.o
        52          8          0          0          0          0   __scatter.o
        26          0          0          0          0          0   __scatter_copy.o
        28          0          0          0          0          0   __scatter_zi.o
        18          0          0          0          0         80   exit.o
         6          0          0          0          0        152   heapauxi.o
         0          0          0          0          0          0   indicate_semi.o
         2          0          0          0          0          0   libinit.o
         2          0          0          0          0          0   libinit2.o
         2          0          0          0          0          0   libshutdown.o
         2          0          0          0          0          0   libshutdown2.o
         8          4          0          0         96         68   libspace.o
         2          0          0          0          0          0   rtexit.o
        10          0          0          0          0          0   rtexit2.o
        12          4          0          0          0         68   sys_exit.o
        74          0          0          0          0         80   sys_stackheap_outer.o
         2          0          0          0          0         68   use_no_semi.o

    ----------------------------------------------------------------------
      5440        538          0         40        200      74727   Library Totals
        26          0          0          3          4          0   (incl. Padding)

    ----------------------------------------------------------------------

      Code (inc. data)   RO Data    RW Data    ZI Data      Debug   Library Name

      5134        522          0         37        100      74143   RTX_CM3.lib
       280         16          0          0         96        584   c_w.l

    ----------------------------------------------------------------------
      5440        538          0         40        200      74727   Library Totals

    ----------------------------------------------------------------------

==============================================================================


      Code (inc. data)   RO Data    RW Data    ZI Data      Debug   

      6336        734        492        128       7648      97008   Grand Totals
      6336        734        492        128       7648      97008   ELF Image Totals
      6336        734        492        128          0          0   ROM Totals

==============================================================================

    Total RO  Size (Code + RO Data)                 6828 (   6.67kB)
    Total RW  Size (RW Data + ZI Data)              7776 (   7.59kB)
    Total ROM Size (Code + RO Data + RW Data)       6956 (   6.79kB)

==============================================================================

