<html>
<body>
<pre>
<h1>µVision Build Log</h1>
<h2>Tool Versions:</h2>
IDE-Version: µVision V5.23.0.0
Copyright (C) 2017 ARM Ltd and ARM Germany GmbH. All rights reserved.
License Information: Ebin Baby, Homelabs, LIC=----
 
Tool Versions:
Toolchain:       MDK-Lite  Version: 5.23
Toolchain Path:  C:\Keil_v5\ARM\ARMCC\Bin
C Compiler:      Armcc.exe V5.06 update 4 (build 422)
Assembler:       Armasm.exe V5.06 update 4 (build 422)
Linker/Locator:  ArmLink.exe V5.06 update 4 (build 422)
Library Manager: ArmAr.exe V5.06 update 4 (build 422)
Hex Converter:   FromElf.exe V5.06 update 4 (build 422)
CPU DLL:         SARMCM3.DLL V5.23
Dialog DLL:      DCM.DLL V1.15.0.0
Target DLL:      UL2CM3.DLL V1.159.7.0
Dialog DLL:      TCM.DLL V1.27.0.0
 
<h2>Project:</h2>
C:\Users\ebini\OneDrive\Documents\Development\WorkingRepos\SuperProjects\due_core_dev\due_rtx_core\Due_Rtx.uvprojx
Project File Date:  06/24/2017

<h2>Output:</h2>
*** Using Compiler 'V5.06 update 4 (build 422)', folder: 'C:\Keil_v5\ARM\ARMCC\Bin'
Rebuild target 'Due_Rtx_Core'
assembling startup_SAM3XA.s...
compiling main.c...
compiling RTX_Conf_CM.c...
compiling system_SAM3XA.c...
linking...
Program Size: Code=5896 RO-data=396 RW-data=64 ZI-data=7648  
".\Objects\Due_Rtx.axf" - 0 Error(s), 0 Warning(s).

<h2>Software Packages used:</h2>

Package Vendor: ARM
                http://www.keil.com/pack/ARM.CMSIS.5.0.1.pack
                ::CMSIS:RTOS:1.0.0 (API)
                CMSIS (Cortex Microcontroller Software Interface Standard)
   * Component: RTOS Version: 1.0.0
   * Component: CORE Version: 5.0.1
   * Component: Keil RTX Version: 4.81.0

Package Vendor: Keil
                http://www.keil.com/pack/Keil.SAM3_DFP.1.2.0.pack
                Keil::Device:Startup:1.0.0
                Atmel SAM3 Series Device Support and Examples
   * Component: Startup Version: 1.0.0

<h2>Collection of Component include folders:</h2>
  .\RTE\_Due_Rtx_Core
  C:\Keil_v5\ARM\PACK\ARM\CMSIS\5.0.1\CMSIS\Include
  C:\Keil_v5\ARM\PACK\ARM\CMSIS\5.0.1\CMSIS\RTOS\RTX\INC
  C:\Keil_v5\ARM\PACK\Keil\SAM3_DFP\1.2.0\Device\SAM3XA\Include

<h2>Collection of Component Files used:</h2>

   * Component: ::CMSIS:RTOS:1.0.0 (API)

   * Component: ARM::CMSIS:CORE:5.0.1

   * Component: ARM::CMSIS:RTOS:Keil RTX:4.81.0
      Source file:   CMSIS\RTOS\RTX\UserCodeTemplates\main.c
      Source file:   CMSIS\RTOS\RTX\UserCodeTemplates\MailQueue.c
      Source file:   CMSIS\RTOS\RTX\UserCodeTemplates\MemPool.c
      Include file:  CMSIS\RTOS\RTX\UserCodeTemplates\osObjects.h
      Include file:  CMSIS\RTOS\RTX\INC\cmsis_os.h
      Source file:   CMSIS\RTOS\RTX\Templates\RTX_Conf_CM.c
      Source file:   CMSIS\RTOS\RTX\UserCodeTemplates\MsgQueue.c
      Source file:   CMSIS\RTOS\RTX\UserCodeTemplates\Timer.c
      Source file:   CMSIS\RTOS\RTX\UserCodeTemplates\Semaphore.c
      Source file:   CMSIS\RTOS\RTX\UserCodeTemplates\Mutex.c
      Source file:   CMSIS\RTOS\RTX\UserCodeTemplates\Thread.c
      Library file:  CMSIS\RTOS\RTX\LIB\ARM\RTX_CM3.lib
      Source file:   CMSIS\RTOS\RTX\SRC\ARM\SVC_Table.s

   * Component: Keil::Device:Startup:1.0.0
      Source file:   Device\SAM3XA\Source\system_SAM3XA.c
      Source file:   Device\SAM3XA\Source\ARM\startup_SAM3XA.s
Build Time Elapsed:  00:00:01
</pre>
</body>
</html>
